[C]09-10-2024:20:57:02:829151|LOGGER Started
[C]09-10-2024:20:57:02:834043|aerospike_connect() succesfull  Primary-IP=192.168.149.72 Port=3000   err.code=0 err.message=  app_aero.c|app_aero__connect|127
[C]09-10-2024:20:57:02:836354|Started Aero-Server  app_aero.c|main|352
[C]09-10-2024:20:57:02:836425|TCP Server Started at IP=192.168.144.11 Port=9898  aero_tcp.c|app_ep_stack__server|523
[C]09-10-2024:20:57:03:435321|TCP Server: Accepted New SocketFD=7 client=0x7effc0000b60  aero_tcp.c|app_ep_stack__server|544
[C]09-10-2024:20:57:03:435380|TCP Client: Starting Client Read Theaad with fd=7  aero_tcp.c|app_ep_stack__tcp_client|244
[C]09-10-2024:20:57:03:517376|TCP Server: Accepted New SocketFD=8 client=0x7effc0000d60  aero_tcp.c|app_ep_stack__server|544
[C]09-10-2024:20:57:03:517435|TCP Client: Starting Client Read Theaad with fd=8  aero_tcp.c|app_ep_stack__tcp_client|244
[C]09-10-2024:22:30:27:771723|TCP Server: Connection closed with fd=8  aero_tcp.c|app_ep_stack__tcp_close_client|148
[C]09-10-2024:22:30:35:101468|TCP Server: Connection closed with fd=7  aero_tcp.c|app_ep_stack__tcp_close_client|148
[C]09-10-2024:22:32:40:421424|TCP Server: Accepted New SocketFD=9 client=0x7effc0000b60  aero_tcp.c|app_ep_stack__server|544
[C]09-10-2024:22:32:40:421502|TCP Client: Starting Client Read Theaad with fd=9  aero_tcp.c|app_ep_stack__tcp_client|244
[C]09-10-2024:22:32:47:410430|TCP Server: Accepted New SocketFD=5 client=0x7effc0000d60  aero_tcp.c|app_ep_stack__server|544
[C]09-10-2024:22:32:47:410501|TCP Client: Starting Client Read Theaad with fd=5  aero_tcp.c|app_ep_stack__tcp_client|244
[C]09-10-2024:22:36:50:102001|TCP Server: Connection closed with fd=9  aero_tcp.c|app_ep_stack__tcp_close_client|148
[C]09-10-2024:22:36:53:964872|TCP Server: Connection closed with fd=5  aero_tcp.c|app_ep_stack__tcp_close_client|148
[C]09-10-2024:22:37:07:928511|TCP Server: Accepted New SocketFD=7 client=0x7effc0000b60  aero_tcp.c|app_ep_stack__server|544
[C]09-10-2024:22:37:07:928580|TCP Client: Starting Client Read Theaad with fd=7  aero_tcp.c|app_ep_stack__tcp_client|244
[C]09-10-2024:22:37:39:004739|TCP Server: Connection closed with fd=7  aero_tcp.c|app_ep_stack__tcp_close_client|148
[C]09-10-2024:22:38:04:086007|TCP Server: Accepted New SocketFD=5 client=0x7effc0000b60  aero_tcp.c|app_ep_stack__server|544
[C]09-10-2024:22:38:04:086060|TCP Client: Starting Client Read Theaad with fd=5  aero_tcp.c|app_ep_stack__tcp_client|244
[C]09-10-2024:22:38:21:959174|TCP Server: Connection closed with fd=5  aero_tcp.c|app_ep_stack__tcp_close_client|148
[C]09-10-2024:22:40:31:259981|TCP Server: Accepted New SocketFD=7 client=0x7effc0000b60  aero_tcp.c|app_ep_stack__server|544
[C]09-10-2024:22:40:31:260042|TCP Client: Starting Client Read Theaad with fd=7  aero_tcp.c|app_ep_stack__tcp_client|244
[C]09-10-2024:22:40:39:249563|TCP Server: Connection closed with fd=7  aero_tcp.c|app_ep_stack__tcp_close_client|148
[C]09-10-2024:22:42:29:800755|TCP Server: Accepted New SocketFD=5 client=0x7effc0000b60  aero_tcp.c|app_ep_stack__server|544
[C]09-10-2024:22:42:29:800808|TCP Client: Starting Client Read Theaad with fd=5  aero_tcp.c|app_ep_stack__tcp_client|244
[C]09-10-2024:22:42:34:212601|TCP Server: Connection closed with fd=5  aero_tcp.c|app_ep_stack__tcp_close_client|148
[C]09-10-2024:22:42:47:235393|TCP Server: Accepted New SocketFD=7 client=0x7effc0000b60  aero_tcp.c|app_ep_stack__server|544
[C]09-10-2024:22:42:47:235451|TCP Client: Starting Client Read Theaad with fd=7  aero_tcp.c|app_ep_stack__tcp_client|244
[C]09-10-2024:22:42:50:352093|TCP Server: Connection closed with fd=7  aero_tcp.c|app_ep_stack__tcp_close_client|148
[C]09-10-2024:22:44:39:869507|TCP Server: Accepted New SocketFD=5 client=0x7effc0000b60  aero_tcp.c|app_ep_stack__server|544
[C]09-10-2024:22:44:39:869564|TCP Client: Starting Client Read Theaad with fd=5  aero_tcp.c|app_ep_stack__tcp_client|244
[C]09-10-2024:22:46:06:212401|TCP Server: Connection closed with fd=5  aero_tcp.c|app_ep_stack__tcp_close_client|148
[C]09-10-2024:22:46:21:017249|TCP Server: Accepted New SocketFD=7 client=0x7effc0000b60  aero_tcp.c|app_ep_stack__server|544
[C]09-10-2024:22:46:21:017320|TCP Client: Starting Client Read Theaad with fd=7  aero_tcp.c|app_ep_stack__tcp_client|244
[C]09-10-2024:22:46:53:095373|TCP Server: Connection closed with fd=7  aero_tcp.c|app_ep_stack__tcp_close_client|148
[C]09-10-2024:22:47:56:306329|TCP Server: Accepted New SocketFD=5 client=0x7effc0000b60  aero_tcp.c|app_ep_stack__server|544
[C]09-10-2024:22:47:56:306386|TCP Client: Starting Client Read Theaad with fd=5  aero_tcp.c|app_ep_stack__tcp_client|244
[C]09-10-2024:22:48:00:037006|TCP Server: Connection closed with fd=5  aero_tcp.c|app_ep_stack__tcp_close_client|148
[C]09-10-2024:22:50:57:296550|TCP Server: Accepted New SocketFD=7 client=0x7effc0000b60  aero_tcp.c|app_ep_stack__server|544
[C]09-10-2024:22:50:57:296596|TCP Client: Starting Client Read Theaad with fd=7  aero_tcp.c|app_ep_stack__tcp_client|244
[C]09-10-2024:22:51:03:022330|TCP Server: Connection closed with fd=7  aero_tcp.c|app_ep_stack__tcp_close_client|148
[C]09-10-2024:22:52:05:835883|TCP Server: Accepted New SocketFD=5 client=0x7effc0000b60  aero_tcp.c|app_ep_stack__server|544
[C]09-10-2024:22:52:05:835946|TCP Client: Starting Client Read Theaad with fd=5  aero_tcp.c|app_ep_stack__tcp_client|244
[D]09-10-2024:22:52:10:913308|received-message-data  id=6501  opc=1  aero_message.c|app_aero_message__execute|285
[D]09-10-2024:22:52:10:913349|saved-data  id=6501  opc=1  aero_message.c|app_aero_message__execute|482
[C]09-10-2024:22:54:03:997795|TCP Server: Connection closed with fd=5  aero_tcp.c|app_ep_stack__tcp_close_client|148
[C]09-10-2024:22:54:23:367624|TCP Server: Accepted New SocketFD=7 client=0x7effc0000b60  aero_tcp.c|app_ep_stack__server|544
[C]09-10-2024:22:54:23:367682|TCP Client: Starting Client Read Theaad with fd=7  aero_tcp.c|app_ep_stack__tcp_client|244
[D]09-10-2024:22:54:27:904071|received-message-data  id=6501  opc=1  aero_message.c|app_aero_message__execute|285
[D]09-10-2024:22:54:27:904107|saved-data  id=6501  opc=1  aero_message.c|app_aero_message__execute|482
[C]09-10-2024:22:54:36:703607|TCP Server: Connection closed with fd=7  aero_tcp.c|app_ep_stack__tcp_close_client|148
[C]09-10-2024:22:55:06:325300|TCP Server: Accepted New SocketFD=5 client=0x7effc0000b60  aero_tcp.c|app_ep_stack__server|544
[C]09-10-2024:22:55:06:325348|TCP Client: Starting Client Read Theaad with fd=5  aero_tcp.c|app_ep_stack__tcp_client|244
[D]09-10-2024:22:55:10:485840|received-message-data  id=6501  opc=1  aero_message.c|app_aero_message__execute|285
[D]09-10-2024:22:55:10:485874|saved-data  id=6501  opc=1  aero_message.c|app_aero_message__execute|482
[C]09-10-2024:22:55:41:556601|TCP Server: Connection closed with fd=5  aero_tcp.c|app_ep_stack__tcp_close_client|148
[C]09-10-2024:22:55:42:661625|TCP Server: Accepted New SocketFD=7 client=0x7effc0000b60  aero_tcp.c|app_ep_stack__server|544
[C]09-10-2024:22:55:42:661676|TCP Client: Starting Client Read Theaad with fd=7  aero_tcp.c|app_ep_stack__tcp_client|244
[D]09-10-2024:22:55:45:937550|received-message-data  id=6501  opc=1  aero_message.c|app_aero_message__execute|285
[D]09-10-2024:22:55:45:937587|saved-data  id=6501  opc=1  aero_message.c|app_aero_message__execute|482
[C]09-10-2024:22:55:50:499109|TCP Server: Connection closed with fd=7  aero_tcp.c|app_ep_stack__tcp_close_client|148
[C]09-10-2024:22:56:18:271551|TCP Server: Accepted New SocketFD=5 client=0x7effc0000b60  aero_tcp.c|app_ep_stack__server|544
[C]09-10-2024:22:56:18:271613|TCP Client: Starting Client Read Theaad with fd=5  aero_tcp.c|app_ep_stack__tcp_client|244
[D]09-10-2024:22:56:34:443774|received-message-data  id=6501  opc=1  aero_message.c|app_aero_message__execute|285
[D]09-10-2024:22:56:34:443816|saved-data  id=6501  opc=1  aero_message.c|app_aero_message__execute|482
[C]09-10-2024:22:57:15:116447|TCP Server: Connection closed with fd=5  aero_tcp.c|app_ep_stack__tcp_close_client|148
[C]09-10-2024:22:57:16:219992|TCP Server: Accepted New SocketFD=7 client=0x7effc0000b60  aero_tcp.c|app_ep_stack__server|544
[C]09-10-2024:22:57:16:220061|TCP Client: Starting Client Read Theaad with fd=7  aero_tcp.c|app_ep_stack__tcp_client|244
[D]09-10-2024:22:57:20:174918|received-message-data  id=6501  opc=1  aero_message.c|app_aero_message__execute|285
[D]09-10-2024:22:57:20:174956|saved-data  id=6501  opc=1  aero_message.c|app_aero_message__execute|482
[C]10-10-2024:02:03:53:015457|TCP Server: Connection closed with fd=7  aero_tcp.c|app_ep_stack__tcp_close_client|148
[C]10-10-2024:07:00:53:203568|TCP Server: Accepted New SocketFD=5 client=0x7effc0000b60  aero_tcp.c|app_ep_stack__server|544
[C]10-10-2024:07:00:53:203626|TCP Client: Starting Client Read Theaad with fd=5  aero_tcp.c|app_ep_stack__tcp_client|244
[D]10-10-2024:07:00:58:728679|received-message-data  id=6501  opc=1  aero_message.c|app_aero_message__execute|285
[D]10-10-2024:07:00:58:728711|saved-data  id=6501  opc=1  aero_message.c|app_aero_message__execute|482
[C]10-10-2024:07:01:06:593514|TCP Server: Connection closed with fd=5  aero_tcp.c|app_ep_stack__tcp_close_client|148
[C]14-10-2024:15:06:23:776345|TCP Server: Accepted New SocketFD=7 client=0x7effc0000b60  aero_tcp.c|app_ep_stack__server|544
[C]14-10-2024:15:06:23:776566|TCP Client: Starting Client Read Theaad with fd=7  aero_tcp.c|app_ep_stack__tcp_client|244
[D]14-10-2024:15:06:35:533874|received-message-data  id=6001  opc=1  aero_message.c|app_aero_message__execute|285
[D]14-10-2024:15:06:35:533916|saved-data  id=6001  opc=1  aero_message.c|app_aero_message__execute|482
[C]14-10-2024:15:12:17:468667|TCP Server: Connection closed with fd=7  aero_tcp.c|app_ep_stack__tcp_close_client|148
[C]14-10-2024:15:13:16:351482|TCP Server: Accepted New SocketFD=5 client=0x7effc0000b60  aero_tcp.c|app_ep_stack__server|544
[C]14-10-2024:15:13:16:351539|TCP Client: Starting Client Read Theaad with fd=5  aero_tcp.c|app_ep_stack__tcp_client|244
[D]14-10-2024:15:15:35:562342|received-message-data  id=6001  opc=1  aero_message.c|app_aero_message__execute|285
[D]14-10-2024:15:15:35:562378|saved-data  id=6001  opc=1  aero_message.c|app_aero_message__execute|482
[C]14-10-2024:15:15:49:629222|TCP Server: Connection closed with fd=5  aero_tcp.c|app_ep_stack__tcp_close_client|148
[C]14-10-2024:15:16:14:933588|TCP Server: Accepted New SocketFD=7 client=0x7effc0000b60  aero_tcp.c|app_ep_stack__server|544
[C]14-10-2024:15:16:14:933653|TCP Client: Starting Client Read Theaad with fd=7  aero_tcp.c|app_ep_stack__tcp_client|244
[C]14-10-2024:15:16:20:919726|TCP Server: Connection closed with fd=7  aero_tcp.c|app_ep_stack__tcp_close_client|148
[C]14-10-2024:15:16:29:641337|TCP Server: Accepted New SocketFD=5 client=0x7effc0000b60  aero_tcp.c|app_ep_stack__server|544
[C]14-10-2024:15:16:29:641397|TCP Client: Starting Client Read Theaad with fd=5  aero_tcp.c|app_ep_stack__tcp_client|244
[D]14-10-2024:15:17:03:249893|received-message-data  id=6001  opc=1  aero_message.c|app_aero_message__execute|285
[D]14-10-2024:15:17:03:249938|saved-data  id=6001  opc=1  aero_message.c|app_aero_message__execute|482
[C]14-10-2024:15:17:15:121887|TCP Server: Connection closed with fd=5  aero_tcp.c|app_ep_stack__tcp_close_client|148
[C]14-10-2024:15:20:11:755836|TCP Server: Accepted New SocketFD=7 client=0x7effc0000b60  aero_tcp.c|app_ep_stack__server|544
[C]14-10-2024:15:20:11:755904|TCP Client: Starting Client Read Theaad with fd=7  aero_tcp.c|app_ep_stack__tcp_client|244
[D]14-10-2024:15:20:29:347444|received-message-data  id=6001  opc=1  aero_message.c|app_aero_message__execute|285
[D]14-10-2024:15:20:29:347483|saved-data  id=6001  opc=1  aero_message.c|app_aero_message__execute|482
[C]14-10-2024:15:20:33:408415|TCP Server: Connection closed with fd=7  aero_tcp.c|app_ep_stack__tcp_close_client|148
[C]14-10-2024:15:21:48:285490|TCP Server: Accepted New SocketFD=5 client=0x7effc0000b60  aero_tcp.c|app_ep_stack__server|544
[C]14-10-2024:15:21:48:285566|TCP Client: Starting Client Read Theaad with fd=5  aero_tcp.c|app_ep_stack__tcp_client|244
[D]14-10-2024:15:21:54:488083|received-message-data  id=6001  opc=1  aero_message.c|app_aero_message__execute|285
[D]14-10-2024:15:21:54:488120|saved-data  id=6001  opc=1  aero_message.c|app_aero_message__execute|482
[C]14-10-2024:15:22:02:222562|TCP Server: Connection closed with fd=5  aero_tcp.c|app_ep_stack__tcp_close_client|148
[C]14-10-2024:15:23:30:863956|TCP Server: Accepted New SocketFD=7 client=0x7effc0000b60  aero_tcp.c|app_ep_stack__server|544
[C]14-10-2024:15:23:30:864014|TCP Client: Starting Client Read Theaad with fd=7  aero_tcp.c|app_ep_stack__tcp_client|244
[D]14-10-2024:15:23:37:332404|received-message-data  id=6001  opc=1  aero_message.c|app_aero_message__execute|285
[D]14-10-2024:15:23:37:332444|saved-data  id=6001  opc=1  aero_message.c|app_aero_message__execute|482
[C]14-10-2024:15:24:03:948234|TCP Server: Connection closed with fd=7  aero_tcp.c|app_ep_stack__tcp_close_client|148
[C]14-10-2024:15:24:13:658710|TCP Server: Accepted New SocketFD=5 client=0x7effc0000b60  aero_tcp.c|app_ep_stack__server|544
[C]14-10-2024:15:24:13:658777|TCP Client: Starting Client Read Theaad with fd=5  aero_tcp.c|app_ep_stack__tcp_client|244
[D]14-10-2024:15:24:18:424014|received-message-data  id=6001  opc=1  aero_message.c|app_aero_message__execute|285
[D]14-10-2024:15:24:18:424050|saved-data  id=6001  opc=1  aero_message.c|app_aero_message__execute|482
[C]14-10-2024:15:25:04:169109|TCP Server: Connection closed with fd=5  aero_tcp.c|app_ep_stack__tcp_close_client|148
[C]14-10-2024:15:26:33:260858|TCP Server: Accepted New SocketFD=7 client=0x7effc0000b60  aero_tcp.c|app_ep_stack__server|544
[C]14-10-2024:15:26:33:260925|TCP Client: Starting Client Read Theaad with fd=7  aero_tcp.c|app_ep_stack__tcp_client|244
[D]14-10-2024:15:26:47:658708|received-message-data  id=6001  opc=1  aero_message.c|app_aero_message__execute|285
[D]14-10-2024:15:26:47:658742|saved-data  id=6001  opc=1  aero_message.c|app_aero_message__execute|482
[C]14-10-2024:15:26:52:923315|TCP Server: Connection closed with fd=7  aero_tcp.c|app_ep_stack__tcp_close_client|148
[C]14-10-2024:15:29:48:473490|TCP Server: Accepted New SocketFD=5 client=0x7effc0000b60  aero_tcp.c|app_ep_stack__server|544
[C]14-10-2024:15:29:48:473560|TCP Client: Starting Client Read Theaad with fd=5  aero_tcp.c|app_ep_stack__tcp_client|244
[D]14-10-2024:15:29:53:477587|received-message-data  id=6001  opc=1  aero_message.c|app_aero_message__execute|285
[D]14-10-2024:15:29:53:477621|saved-data  id=6001  opc=1  aero_message.c|app_aero_message__execute|482
[C]14-10-2024:15:30:01:851666|TCP Server: Connection closed with fd=5  aero_tcp.c|app_ep_stack__tcp_close_client|148
[C]14-10-2024:15:30:57:303330|TCP Server: Accepted New SocketFD=7 client=0x7effc0000b60  aero_tcp.c|app_ep_stack__server|544
[C]14-10-2024:15:30:57:303368|TCP Client: Starting Client Read Theaad with fd=7  aero_tcp.c|app_ep_stack__tcp_client|244
[D]14-10-2024:15:31:07:133051|received-message-data  id=6001  opc=1  aero_message.c|app_aero_message__execute|285
[D]14-10-2024:15:31:07:133085|saved-data  id=6001  opc=1  aero_message.c|app_aero_message__execute|482
[C]14-10-2024:15:31:13:046939|TCP Server: Connection closed with fd=7  aero_tcp.c|app_ep_stack__tcp_close_client|148
[C]14-10-2024:15:34:51:296102|TCP Server: Accepted New SocketFD=5 client=0x7effc0000b60  aero_tcp.c|app_ep_stack__server|544
[C]14-10-2024:15:34:51:296151|TCP Client: Starting Client Read Theaad with fd=5  aero_tcp.c|app_ep_stack__tcp_client|244
[C]14-10-2024:15:41:42:871780|TCP Server: Connection closed with fd=5  aero_tcp.c|app_ep_stack__tcp_close_client|148
[C]14-10-2024:15:41:48:882555|TCP Server: Accepted New SocketFD=7 client=0x7effc0000b60  aero_tcp.c|app_ep_stack__server|544
[C]14-10-2024:15:41:48:882612|TCP Client: Starting Client Read Theaad with fd=7  aero_tcp.c|app_ep_stack__tcp_client|244
[D]14-10-2024:15:41:54:470611|received-message-data  id=6001  opc=1  aero_message.c|app_aero_message__execute|285
[D]14-10-2024:15:41:54:470644|saved-data  id=6001  opc=1  aero_message.c|app_aero_message__execute|482
[C]14-10-2024:15:42:00:202895|TCP Server: Connection closed with fd=7  aero_tcp.c|app_ep_stack__tcp_close_client|148
[C]14-10-2024:15:44:40:211766|TCP Server: Accepted New SocketFD=5 client=0x7effc0000b60  aero_tcp.c|app_ep_stack__server|544
[C]14-10-2024:15:44:40:211839|TCP Client: Starting Client Read Theaad with fd=5  aero_tcp.c|app_ep_stack__tcp_client|244
[D]14-10-2024:15:44:45:339793|received-message-data  id=6001  opc=1  aero_message.c|app_aero_message__execute|285
[D]14-10-2024:15:44:45:339833|saved-data  id=6001  opc=1  aero_message.c|app_aero_message__execute|482
[C]14-10-2024:15:44:54:359466|TCP Server: Connection closed with fd=5  aero_tcp.c|app_ep_stack__tcp_close_client|148
[C]14-10-2024:15:50:17:013419|TCP Server: Accepted New SocketFD=7 client=0x7effc0000b60  aero_tcp.c|app_ep_stack__server|544
[C]14-10-2024:15:50:17:013477|TCP Client: Starting Client Read Theaad with fd=7  aero_tcp.c|app_ep_stack__tcp_client|244
[D]14-10-2024:15:50:21:329256|received-message-data  id=6001  opc=1  aero_message.c|app_aero_message__execute|285
[D]14-10-2024:15:50:21:329293|saved-data  id=6001  opc=1  aero_message.c|app_aero_message__execute|482
[C]14-10-2024:15:50:30:676891|TCP Server: Connection closed with fd=7  aero_tcp.c|app_ep_stack__tcp_close_client|148
[C]14-10-2024:16:10:32:465308|TCP Server: Accepted New SocketFD=5 client=0x7effc0000b60  aero_tcp.c|app_ep_stack__server|544
[C]14-10-2024:16:10:32:465368|TCP Client: Starting Client Read Theaad with fd=5  aero_tcp.c|app_ep_stack__tcp_client|244
[D]14-10-2024:16:10:41:593619|received-message-data  id=6001  opc=1  aero_message.c|app_aero_message__execute|285
[D]14-10-2024:16:10:41:593655|saved-data  id=6001  opc=1  aero_message.c|app_aero_message__execute|482
[C]14-10-2024:16:11:41:016554|TCP Server: Connection closed with fd=5  aero_tcp.c|app_ep_stack__tcp_close_client|148
[C]14-10-2024:16:12:44:362918|TCP Server: Accepted New SocketFD=7 client=0x7effc0000b60  aero_tcp.c|app_ep_stack__server|544
[C]14-10-2024:16:12:44:362989|TCP Client: Starting Client Read Theaad with fd=7  aero_tcp.c|app_ep_stack__tcp_client|244
[D]14-10-2024:16:13:36:831616|received-message-data  id=6001  opc=1  aero_message.c|app_aero_message__execute|285
[D]14-10-2024:16:13:36:831651|saved-data  id=6001  opc=1  aero_message.c|app_aero_message__execute|482
[D]14-10-2024:16:13:43:530166|received-message-data  id=6001  opc=1  aero_message.c|app_aero_message__execute|285
[D]14-10-2024:16:13:43:530199|saved-data  id=6001  opc=1  aero_message.c|app_aero_message__execute|482
[C]14-10-2024:18:38:27:640735|TCP Server: Connection closed with fd=7  aero_tcp.c|app_ep_stack__tcp_close_client|148
[C]14-10-2024:18:56:41:311351|TCP Server: Accepted New SocketFD=5 client=0x7effc0000b60  aero_tcp.c|app_ep_stack__server|544
[C]14-10-2024:18:56:41:311433|TCP Client: Starting Client Read Theaad with fd=5  aero_tcp.c|app_ep_stack__tcp_client|244
[D]14-10-2024:19:06:22:222658|received-message-data  id=6001  opc=1  aero_message.c|app_aero_message__execute|285
[D]14-10-2024:19:06:22:222701|saved-data  id=6001  opc=1  aero_message.c|app_aero_message__execute|482
[D]14-10-2024:19:06:28:693131|received-message-data  id=6001  opc=1  aero_message.c|app_aero_message__execute|285
[D]14-10-2024:19:06:28:693165|saved-data  id=6001  opc=1  aero_message.c|app_aero_message__execute|482
[C]14-10-2024:19:58:10:320304|TCP Server: Connection closed with fd=5  aero_tcp.c|app_ep_stack__tcp_close_client|148
[C]14-10-2024:19:58:15:766415|TCP Server: Accepted New SocketFD=7 client=0x7effc0000b60  aero_tcp.c|app_ep_stack__server|544
[C]14-10-2024:19:58:15:766465|TCP Client: Starting Client Read Theaad with fd=7  aero_tcp.c|app_ep_stack__tcp_client|244
[D]14-10-2024:19:59:15:481991|received-message-data  id=6001  opc=1  aero_message.c|app_aero_message__execute|285
[D]14-10-2024:19:59:15:482033|saved-data  id=6001  opc=1  aero_message.c|app_aero_message__execute|482
[D]14-10-2024:19:59:22:464826|received-message-data  id=6001  opc=1  aero_message.c|app_aero_message__execute|285
[D]14-10-2024:19:59:22:464862|saved-data  id=6001  opc=1  aero_message.c|app_aero_message__execute|482
[D]14-10-2024:20:01:34:829132|received-message-data  id=6001  opc=1  aero_message.c|app_aero_message__execute|285
[D]14-10-2024:20:01:34:829171|saved-data  id=6001  opc=1  aero_message.c|app_aero_message__execute|482
[D]14-10-2024:20:01:41:317357|received-message-data  id=6001  opc=1  aero_message.c|app_aero_message__execute|285
[D]14-10-2024:20:01:41:317394|saved-data  id=6001  opc=1  aero_message.c|app_aero_message__execute|482
[D]14-10-2024:20:07:00:836153|received-message-data  id=6001  opc=1  aero_message.c|app_aero_message__execute|285
[D]14-10-2024:20:07:00:836188|saved-data  id=6001  opc=1  aero_message.c|app_aero_message__execute|482
[D]14-10-2024:20:07:07:155422|received-message-data  id=6001  opc=1  aero_message.c|app_aero_message__execute|285
[D]14-10-2024:20:07:07:155458|saved-data  id=6001  opc=1  aero_message.c|app_aero_message__execute|482
[D]14-10-2024:20:12:47:115134|received-message-data  id=6001  opc=1  aero_message.c|app_aero_message__execute|285
[D]14-10-2024:20:12:47:115171|saved-data  id=6001  opc=1  aero_message.c|app_aero_message__execute|482
[D]14-10-2024:20:14:39:159866|received-message-data  id=6001  opc=1  aero_message.c|app_aero_message__execute|285
[D]14-10-2024:20:14:39:159908|saved-data  id=6001  opc=1  aero_message.c|app_aero_message__execute|482
[D]14-10-2024:20:19:37:174505|received-message-data  id=6001  opc=1  aero_message.c|app_aero_message__execute|285
[D]14-10-2024:20:19:37:174542|saved-data  id=6001  opc=1  aero_message.c|app_aero_message__execute|482
[D]14-10-2024:20:19:43:663231|received-message-data  id=6001  opc=1  aero_message.c|app_aero_message__execute|285
[D]14-10-2024:20:19:43:663261|saved-data  id=6001  opc=1  aero_message.c|app_aero_message__execute|482
[D]14-10-2024:20:34:13:968033|received-message-data  id=6001  opc=1  aero_message.c|app_aero_message__execute|285
[D]14-10-2024:20:34:13:968061|saved-data  id=6001  opc=1  aero_message.c|app_aero_message__execute|482
[D]14-10-2024:20:34:20:186997|received-message-data  id=6001  opc=1  aero_message.c|app_aero_message__execute|285
[D]14-10-2024:20:34:20:187022|saved-data  id=6001  opc=1  aero_message.c|app_aero_message__execute|482
[D]14-10-2024:20:48:44:082193|received-message-data  id=6001  opc=1  aero_message.c|app_aero_message__execute|285
[D]14-10-2024:20:48:44:082227|saved-data  id=6001  opc=1  aero_message.c|app_aero_message__execute|482
[D]14-10-2024:20:51:49:705964|received-message-data  id=6001  opc=1  aero_message.c|app_aero_message__execute|285
[D]14-10-2024:20:51:49:705990|saved-data  id=6001  opc=1  aero_message.c|app_aero_message__execute|482
[D]14-10-2024:20:51:55:717473|received-message-data  id=6001  opc=1  aero_message.c|app_aero_message__execute|285
[D]14-10-2024:20:51:55:717499|saved-data  id=6001  opc=1  aero_message.c|app_aero_message__execute|482
[D]14-10-2024:20:58:59:563356|received-message-data  id=6001  opc=1  aero_message.c|app_aero_message__execute|285
[D]14-10-2024:20:58:59:563382|saved-data  id=6001  opc=1  aero_message.c|app_aero_message__execute|482
[D]14-10-2024:20:59:06:034491|received-message-data  id=6001  opc=1  aero_message.c|app_aero_message__execute|285
[D]14-10-2024:20:59:06:034515|saved-data  id=6001  opc=1  aero_message.c|app_aero_message__execute|482
[D]14-10-2024:21:00:31:882581|received-message-data  id=6001  opc=1  aero_message.c|app_aero_message__execute|285
[D]14-10-2024:21:00:31:882609|saved-data  id=6001  opc=1  aero_message.c|app_aero_message__execute|482
[D]14-10-2024:21:00:38:672205|received-message-data  id=6001  opc=1  aero_message.c|app_aero_message__execute|285
[D]14-10-2024:21:00:38:672231|saved-data  id=6001  opc=1  aero_message.c|app_aero_message__execute|482
[D]14-10-2024:21:04:05:539864|received-message-data  id=6001  opc=1  aero_message.c|app_aero_message__execute|285
[D]14-10-2024:21:04:05:539901|saved-data  id=6001  opc=1  aero_message.c|app_aero_message__execute|482
[D]14-10-2024:21:04:12:212612|received-message-data  id=6001  opc=1  aero_message.c|app_aero_message__execute|285
[D]14-10-2024:21:04:12:212643|saved-data  id=6001  opc=1  aero_message.c|app_aero_message__execute|482
[D]14-10-2024:21:10:32:428665|received-message-data  id=6001  opc=1  aero_message.c|app_aero_message__execute|285
[D]14-10-2024:21:10:32:428692|saved-data  id=6001  opc=1  aero_message.c|app_aero_message__execute|482
[D]14-10-2024:21:10:38:707234|received-message-data  id=6001  opc=1  aero_message.c|app_aero_message__execute|285
[D]14-10-2024:21:10:38:707260|saved-data  id=6001  opc=1  aero_message.c|app_aero_message__execute|482
[D]14-10-2024:21:15:56:740024|received-message-data  id=6001  opc=1  aero_message.c|app_aero_message__execute|285
[D]14-10-2024:21:15:56:740057|saved-data  id=6001  opc=1  aero_message.c|app_aero_message__execute|482
[D]14-10-2024:21:47:03:688181|received-message-data  id=6001  opc=1  aero_message.c|app_aero_message__execute|285
[D]14-10-2024:21:47:03:688220|saved-data  id=6001  opc=1  aero_message.c|app_aero_message__execute|482
[D]14-10-2024:21:47:09:924425|received-message-data  id=6001  opc=1  aero_message.c|app_aero_message__execute|285
[D]14-10-2024:21:47:09:924453|saved-data  id=6001  opc=1  aero_message.c|app_aero_message__execute|482
[D]14-10-2024:21:55:30:202551|received-message-data  id=6001  opc=1  aero_message.c|app_aero_message__execute|285
[D]14-10-2024:21:55:30:202579|saved-data  id=6001  opc=1  aero_message.c|app_aero_message__execute|482
[D]14-10-2024:21:55:36:847655|received-message-data  id=6001  opc=1  aero_message.c|app_aero_message__execute|285
[D]14-10-2024:21:55:36:847683|saved-data  id=6001  opc=1  aero_message.c|app_aero_message__execute|482
[D]14-10-2024:22:01:00:630474|received-message-data  id=6001  opc=1  aero_message.c|app_aero_message__execute|285
[D]14-10-2024:22:01:00:630508|saved-data  id=6001  opc=1  aero_message.c|app_aero_message__execute|482
[D]14-10-2024:22:01:06:995791|received-message-data  id=6001  opc=1  aero_message.c|app_aero_message__execute|285
[D]14-10-2024:22:01:06:995817|saved-data  id=6001  opc=1  aero_message.c|app_aero_message__execute|482
[D]14-10-2024:22:02:57:598373|received-message-data  id=6001  opc=1  aero_message.c|app_aero_message__execute|285
[D]14-10-2024:22:02:57:598404|saved-data  id=6001  opc=1  aero_message.c|app_aero_message__execute|482
[D]14-10-2024:22:03:04:312517|received-message-data  id=6001  opc=1  aero_message.c|app_aero_message__execute|285
[D]14-10-2024:22:03:04:312544|saved-data  id=6001  opc=1  aero_message.c|app_aero_message__execute|482
[D]14-10-2024:22:03:48:157141|received-message-data  id=6001  opc=1  aero_message.c|app_aero_message__execute|285
[D]14-10-2024:22:03:48:157170|saved-data  id=6001  opc=1  aero_message.c|app_aero_message__execute|482
[D]14-10-2024:22:03:54:920908|received-message-data  id=6001  opc=1  aero_message.c|app_aero_message__execute|285
[D]14-10-2024:22:03:54:920936|saved-data  id=6001  opc=1  aero_message.c|app_aero_message__execute|482
[D]14-10-2024:22:08:24:787009|received-message-data  id=6001  opc=1  aero_message.c|app_aero_message__execute|285
[D]14-10-2024:22:08:24:787036|saved-data  id=6001  opc=1  aero_message.c|app_aero_message__execute|482
[D]14-10-2024:22:52:53:278894|received-message-data  id=6001  opc=1  aero_message.c|app_aero_message__execute|285
[D]14-10-2024:22:52:53:278926|saved-data  id=6001  opc=1  aero_message.c|app_aero_message__execute|482
[D]14-10-2024:22:55:42:179198|received-message-data  id=6001  opc=1  aero_message.c|app_aero_message__execute|285
[D]14-10-2024:22:55:42:179225|saved-data  id=6001  opc=1  aero_message.c|app_aero_message__execute|482
[D]14-10-2024:22:59:59:517939|received-message-data  id=6001  opc=1  aero_message.c|app_aero_message__execute|285
[D]14-10-2024:22:59:59:517966|saved-data  id=6001  opc=1  aero_message.c|app_aero_message__execute|482
[D]15-10-2024:07:35:42:037179|received-message-data  id=6001  opc=1  aero_message.c|app_aero_message__execute|285
[D]15-10-2024:07:35:42:037210|saved-data  id=6001  opc=1  aero_message.c|app_aero_message__execute|482
[D]15-10-2024:07:43:56:352328|received-message-data  id=6001  opc=1  aero_message.c|app_aero_message__execute|285
[D]15-10-2024:07:43:56:352361|saved-data  id=6001  opc=1  aero_message.c|app_aero_message__execute|482
[D]15-10-2024:07:44:46:069111|received-message-data  id=6001  opc=1  aero_message.c|app_aero_message__execute|285
[D]15-10-2024:07:44:46:069139|saved-data  id=6001  opc=1  aero_message.c|app_aero_message__execute|482
[D]15-10-2024:07:49:47:370056|received-message-data  id=6001  opc=1  aero_message.c|app_aero_message__execute|285
[D]15-10-2024:07:49:47:370084|saved-data  id=6001  opc=1  aero_message.c|app_aero_message__execute|482
[D]15-10-2024:07:53:03:972894|received-message-data  id=6001  opc=1  aero_message.c|app_aero_message__execute|285
[D]15-10-2024:07:53:03:972922|saved-data  id=6001  opc=1  aero_message.c|app_aero_message__execute|482
[D]15-10-2024:07:57:39:070796|received-message-data  id=6001  opc=1  aero_message.c|app_aero_message__execute|285
[D]15-10-2024:07:57:39:070831|saved-data  id=6001  opc=1  aero_message.c|app_aero_message__execute|482
[D]15-10-2024:07:59:22:841461|received-message-data  id=6001  opc=1  aero_message.c|app_aero_message__execute|285
[D]15-10-2024:07:59:22:841489|saved-data  id=6001  opc=1  aero_message.c|app_aero_message__execute|482
[D]15-10-2024:08:07:36:896317|received-message-data  id=6001  opc=1  aero_message.c|app_aero_message__execute|285
[D]15-10-2024:08:07:36:896346|saved-data  id=6001  opc=1  aero_message.c|app_aero_message__execute|482
[D]15-10-2024:08:09:33:600843|received-message-data  id=6001  opc=1  aero_message.c|app_aero_message__execute|285
[D]15-10-2024:08:09:33:600872|saved-data  id=6001  opc=1  aero_message.c|app_aero_message__execute|482
[D]15-10-2024:09:24:06:620216|received-message-data  id=6001  opc=1  aero_message.c|app_aero_message__execute|285
[D]15-10-2024:09:24:06:620243|saved-data  id=6001  opc=1  aero_message.c|app_aero_message__execute|482
[D]15-10-2024:09:32:12:381330|received-message-data  id=6001  opc=1  aero_message.c|app_aero_message__execute|285
[D]15-10-2024:09:32:12:381359|saved-data  id=6001  opc=1  aero_message.c|app_aero_message__execute|482
[D]15-10-2024:09:39:06:004961|received-message-data  id=6001  opc=1  aero_message.c|app_aero_message__execute|285
[D]15-10-2024:09:39:06:004989|saved-data  id=6001  opc=1  aero_message.c|app_aero_message__execute|482
[D]15-10-2024:09:56:37:686359|received-message-data  id=6001  opc=1  aero_message.c|app_aero_message__execute|285
[D]15-10-2024:09:56:37:686394|saved-data  id=6001  opc=1  aero_message.c|app_aero_message__execute|482
[D]15-10-2024:10:08:57:189190|received-message-data  id=6001  opc=1  aero_message.c|app_aero_message__execute|285
[D]15-10-2024:10:08:57:189219|saved-data  id=6001  opc=1  aero_message.c|app_aero_message__execute|482
[D]15-10-2024:10:21:40:900719|received-message-data  id=6001  opc=1  aero_message.c|app_aero_message__execute|285
[D]15-10-2024:10:21:40:900758|saved-data  id=6001  opc=1  aero_message.c|app_aero_message__execute|482
[D]15-10-2024:10:25:05:804665|received-message-data  id=6001  opc=1  aero_message.c|app_aero_message__execute|285
[D]15-10-2024:10:25:05:804698|saved-data  id=6001  opc=1  aero_message.c|app_aero_message__execute|482
[D]15-10-2024:10:28:25:863761|received-message-data  id=6001  opc=1  aero_message.c|app_aero_message__execute|285
[D]15-10-2024:10:28:25:863797|saved-data  id=6001  opc=1  aero_message.c|app_aero_message__execute|482
[D]15-10-2024:10:31:10:088442|received-message-data  id=6001  opc=1  aero_message.c|app_aero_message__execute|285
[D]15-10-2024:10:31:10:088468|saved-data  id=6001  opc=1  aero_message.c|app_aero_message__execute|482
[D]15-10-2024:10:35:58:658643|received-message-data  id=6001  opc=1  aero_message.c|app_aero_message__execute|285
[D]15-10-2024:10:35:58:658670|saved-data  id=6001  opc=1  aero_message.c|app_aero_message__execute|482
[D]15-10-2024:10:48:38:525798|received-message-data  id=6001  opc=1  aero_message.c|app_aero_message__execute|285
[D]15-10-2024:10:48:38:525831|saved-data  id=6001  opc=1  aero_message.c|app_aero_message__execute|482
[D]15-10-2024:10:52:18:249467|received-message-data  id=6001  opc=1  aero_message.c|app_aero_message__execute|285
[D]15-10-2024:10:52:18:249496|saved-data  id=6001  opc=1  aero_message.c|app_aero_message__execute|482
[D]15-10-2024:11:10:36:200088|received-message-data  id=6001  opc=1  aero_message.c|app_aero_message__execute|285
[D]15-10-2024:11:10:36:200129|saved-data  id=6001  opc=1  aero_message.c|app_aero_message__execute|482
[D]15-10-2024:11:12:23:274750|received-message-data  id=6001  opc=1  aero_message.c|app_aero_message__execute|285
[D]15-10-2024:11:12:23:274779|saved-data  id=6001  opc=1  aero_message.c|app_aero_message__execute|482
[D]15-10-2024:11:14:55:795957|received-message-data  id=6001  opc=1  aero_message.c|app_aero_message__execute|285
[D]15-10-2024:11:14:55:795984|saved-data  id=6001  opc=1  aero_message.c|app_aero_message__execute|482
[D]15-10-2024:11:34:26:864253|received-message-data  id=6001  opc=1  aero_message.c|app_aero_message__execute|285
[D]15-10-2024:11:34:26:864292|saved-data  id=6001  opc=1  aero_message.c|app_aero_message__execute|482
[D]15-10-2024:12:24:58:212375|received-message-data  id=6001  opc=1  aero_message.c|app_aero_message__execute|285
[D]15-10-2024:12:24:58:212407|saved-data  id=6001  opc=1  aero_message.c|app_aero_message__execute|482
[D]15-10-2024:12:29:37:521320|received-message-data  id=6001  opc=1  aero_message.c|app_aero_message__execute|285
[D]15-10-2024:12:29:37:521349|saved-data  id=6001  opc=1  aero_message.c|app_aero_message__execute|482
[D]15-10-2024:12:33:38:471348|received-message-data  id=6001  opc=1  aero_message.c|app_aero_message__execute|285
[D]15-10-2024:12:33:38:471380|saved-data  id=6001  opc=1  aero_message.c|app_aero_message__execute|482
[D]15-10-2024:13:18:24:162647|received-message-data  id=6001  opc=1  aero_message.c|app_aero_message__execute|285
[D]15-10-2024:13:18:24:162679|saved-data  id=6001  opc=1  aero_message.c|app_aero_message__execute|482
[D]15-10-2024:13:35:14:766268|received-message-data  id=6001  opc=1  aero_message.c|app_aero_message__execute|285
[D]15-10-2024:13:35:14:766295|saved-data  id=6001  opc=1  aero_message.c|app_aero_message__execute|482
[D]15-10-2024:13:38:06:560569|received-message-data  id=6001  opc=1  aero_message.c|app_aero_message__execute|285
[D]15-10-2024:13:38:06:560602|saved-data  id=6001  opc=1  aero_message.c|app_aero_message__execute|482
[D]15-10-2024:13:50:08:384731|received-message-data  id=6001  opc=1  aero_message.c|app_aero_message__execute|285
[D]15-10-2024:13:50:08:384759|saved-data  id=6001  opc=1  aero_message.c|app_aero_message__execute|482
[D]15-10-2024:13:51:48:024231|received-message-data  id=6001  opc=1  aero_message.c|app_aero_message__execute|285
[D]15-10-2024:13:51:48:024258|saved-data  id=6001  opc=1  aero_message.c|app_aero_message__execute|482
[D]15-10-2024:13:59:30:068513|received-message-data  id=6001  opc=1  aero_message.c|app_aero_message__execute|285
[D]15-10-2024:13:59:30:068541|saved-data  id=6001  opc=1  aero_message.c|app_aero_message__execute|482
[D]15-10-2024:14:01:52:483206|received-message-data  id=6001  opc=1  aero_message.c|app_aero_message__execute|285
[D]15-10-2024:14:01:52:483248|saved-data  id=6001  opc=1  aero_message.c|app_aero_message__execute|482
[D]15-10-2024:14:05:00:777062|received-message-data  id=6001  opc=1  aero_message.c|app_aero_message__execute|285
[D]15-10-2024:14:05:00:777095|saved-data  id=6001  opc=1  aero_message.c|app_aero_message__execute|482
[D]15-10-2024:16:11:26:615463|received-message-data  id=6001  opc=1  aero_message.c|app_aero_message__execute|285
[D]15-10-2024:16:11:26:615501|saved-data  id=6001  opc=1  aero_message.c|app_aero_message__execute|482
[D]15-10-2024:16:37:13:073295|received-message-data  id=6001  opc=1  aero_message.c|app_aero_message__execute|285
[D]15-10-2024:16:37:13:073329|saved-data  id=6001  opc=1  aero_message.c|app_aero_message__execute|482
[D]15-10-2024:16:41:10:995221|received-message-data  id=6001  opc=1  aero_message.c|app_aero_message__execute|285
[D]15-10-2024:16:41:10:995249|saved-data  id=6001  opc=1  aero_message.c|app_aero_message__execute|482
[D]15-10-2024:16:42:58:664439|received-message-data  id=6001  opc=1  aero_message.c|app_aero_message__execute|285
[D]15-10-2024:16:42:58:664468|saved-data  id=6001  opc=1  aero_message.c|app_aero_message__execute|482
[D]15-10-2024:16:46:38:807372|received-message-data  id=6001  opc=1  aero_message.c|app_aero_message__execute|285
[D]15-10-2024:16:46:38:807429|saved-data  id=6001  opc=1  aero_message.c|app_aero_message__execute|482
[D]15-10-2024:16:52:02:945585|received-message-data  id=6001  opc=1  aero_message.c|app_aero_message__execute|285
[D]15-10-2024:16:52:02:945613|saved-data  id=6001  opc=1  aero_message.c|app_aero_message__execute|482
[D]15-10-2024:16:54:33:509610|received-message-data  id=6001  opc=1  aero_message.c|app_aero_message__execute|285
[D]15-10-2024:16:54:33:509648|saved-data  id=6001  opc=1  aero_message.c|app_aero_message__execute|482
[D]15-10-2024:16:58:11:628105|received-message-data  id=6001  opc=1  aero_message.c|app_aero_message__execute|285
[D]15-10-2024:16:58:11:628140|saved-data  id=6001  opc=1  aero_message.c|app_aero_message__execute|482
[D]15-10-2024:17:35:22:635312|received-message-data  id=6001  opc=1  aero_message.c|app_aero_message__execute|285
[D]15-10-2024:17:35:22:635340|saved-data  id=6001  opc=1  aero_message.c|app_aero_message__execute|482
[D]15-10-2024:17:40:20:421692|received-message-data  id=6001  opc=1  aero_message.c|app_aero_message__execute|285
[D]15-10-2024:17:40:20:421720|saved-data  id=6001  opc=1  aero_message.c|app_aero_message__execute|482
[D]15-10-2024:17:45:59:056671|received-message-data  id=6001  opc=1  aero_message.c|app_aero_message__execute|285
[D]15-10-2024:17:45:59:056699|saved-data  id=6001  opc=1  aero_message.c|app_aero_message__execute|482
[D]15-10-2024:17:55:19:305248|received-message-data  id=6001  opc=1  aero_message.c|app_aero_message__execute|285
[D]15-10-2024:17:55:19:305275|saved-data  id=6001  opc=1  aero_message.c|app_aero_message__execute|482
[D]15-10-2024:18:07:10:413290|received-message-data  id=6001  opc=1  aero_message.c|app_aero_message__execute|285
[D]15-10-2024:18:07:10:413322|saved-data  id=6001  opc=1  aero_message.c|app_aero_message__execute|482
[D]15-10-2024:18:19:41:486289|received-message-data  id=6001  opc=1  aero_message.c|app_aero_message__execute|285
[D]15-10-2024:18:19:41:486315|saved-data  id=6001  opc=1  aero_message.c|app_aero_message__execute|482
[D]15-10-2024:20:19:40:263392|received-message-data  id=6001  opc=1  aero_message.c|app_aero_message__execute|285
[D]15-10-2024:20:19:40:263427|saved-data  id=6001  opc=1  aero_message.c|app_aero_message__execute|482
[D]15-10-2024:20:28:32:138818|received-message-data  id=6001  opc=1  aero_message.c|app_aero_message__execute|285
[D]15-10-2024:20:28:32:138844|saved-data  id=6001  opc=1  aero_message.c|app_aero_message__execute|482
[D]15-10-2024:21:00:48:116746|received-message-data  id=6001  opc=1  aero_message.c|app_aero_message__execute|285
[D]15-10-2024:21:00:48:116797|saved-data  id=6001  opc=1  aero_message.c|app_aero_message__execute|482
[D]15-10-2024:21:16:08:547135|received-message-data  id=6001  opc=1  aero_message.c|app_aero_message__execute|285
[D]15-10-2024:21:16:08:547163|saved-data  id=6001  opc=1  aero_message.c|app_aero_message__execute|482
[D]15-10-2024:21:19:09:491179|received-message-data  id=6001  opc=1  aero_message.c|app_aero_message__execute|285
[D]15-10-2024:21:19:09:491207|saved-data  id=6001  opc=1  aero_message.c|app_aero_message__execute|482
[D]15-10-2024:21:21:04:595547|received-message-data  id=6001  opc=1  aero_message.c|app_aero_message__execute|285
[D]15-10-2024:21:21:04:595575|saved-data  id=6001  opc=1  aero_message.c|app_aero_message__execute|482
[D]15-10-2024:21:24:38:455878|received-message-data  id=6001  opc=1  aero_message.c|app_aero_message__execute|285
[D]15-10-2024:21:24:38:455904|saved-data  id=6001  opc=1  aero_message.c|app_aero_message__execute|482
[D]15-10-2024:21:28:07:099602|received-message-data  id=6001  opc=1  aero_message.c|app_aero_message__execute|285
[D]15-10-2024:21:28:07:099630|saved-data  id=6001  opc=1  aero_message.c|app_aero_message__execute|482
[D]16-10-2024:08:19:13:673314|received-message-data  id=6001  opc=1  aero_message.c|app_aero_message__execute|285
[D]16-10-2024:08:19:13:673346|saved-data  id=6001  opc=1  aero_message.c|app_aero_message__execute|482
[D]16-10-2024:08:24:39:531907|received-message-data  id=6001  opc=1  aero_message.c|app_aero_message__execute|285
[D]16-10-2024:08:24:39:531945|saved-data  id=6001  opc=1  aero_message.c|app_aero_message__execute|482
[D]16-10-2024:08:36:18:243606|received-message-data  id=6001  opc=1  aero_message.c|app_aero_message__execute|285
[D]16-10-2024:08:36:18:243638|saved-data  id=6001  opc=1  aero_message.c|app_aero_message__execute|482
[D]16-10-2024:11:20:55:459551|received-message-data  id=6001  opc=1  aero_message.c|app_aero_message__execute|285
[D]16-10-2024:11:20:55:459587|saved-data  id=6001  opc=1  aero_message.c|app_aero_message__execute|482
[D]16-10-2024:11:54:37:078343|received-message-data  id=6001  opc=1  aero_message.c|app_aero_message__execute|285
[D]16-10-2024:11:54:37:078437|saved-data  id=6001  opc=1  aero_message.c|app_aero_message__execute|482
[D]16-10-2024:13:39:54:865766|received-message-data  id=6001  opc=1  aero_message.c|app_aero_message__execute|285
[D]16-10-2024:13:39:54:865795|saved-data  id=6001  opc=1  aero_message.c|app_aero_message__execute|482
[D]16-10-2024:13:43:08:256996|received-message-data  id=6001  opc=1  aero_message.c|app_aero_message__execute|285
[D]16-10-2024:13:43:08:257026|saved-data  id=6001  opc=1  aero_message.c|app_aero_message__execute|482
[D]16-10-2024:13:45:38:650445|received-message-data  id=6001  opc=1  aero_message.c|app_aero_message__execute|285
[D]16-10-2024:13:45:38:650480|saved-data  id=6001  opc=1  aero_message.c|app_aero_message__execute|482
[D]16-10-2024:13:47:51:555421|received-message-data  id=6001  opc=1  aero_message.c|app_aero_message__execute|285
[D]16-10-2024:13:47:51:555459|saved-data  id=6001  opc=1  aero_message.c|app_aero_message__execute|482
[D]16-10-2024:13:50:42:644762|received-message-data  id=6001  opc=1  aero_message.c|app_aero_message__execute|285
[D]16-10-2024:13:50:42:644795|saved-data  id=6001  opc=1  aero_message.c|app_aero_message__execute|482
[D]16-10-2024:13:52:34:172003|received-message-data  id=6001  opc=1  aero_message.c|app_aero_message__execute|285
[D]16-10-2024:13:52:34:172030|saved-data  id=6001  opc=1  aero_message.c|app_aero_message__execute|482
[D]16-10-2024:14:15:00:578821|received-message-data  id=6001  opc=1  aero_message.c|app_aero_message__execute|285
[D]16-10-2024:14:15:00:578854|saved-data  id=6001  opc=1  aero_message.c|app_aero_message__execute|482
[D]16-10-2024:14:15:06:221364|received-message-data  id=6001  opc=1  aero_message.c|app_aero_message__execute|285
[D]16-10-2024:14:15:06:221390|saved-data  id=6001  opc=1  aero_message.c|app_aero_message__execute|482
[D]16-10-2024:14:18:35:650018|received-message-data  id=6001  opc=1  aero_message.c|app_aero_message__execute|285
[D]16-10-2024:14:18:35:650046|saved-data  id=6001  opc=1  aero_message.c|app_aero_message__execute|482
[D]16-10-2024:14:19:55:176802|received-message-data  id=6001  opc=1  aero_message.c|app_aero_message__execute|285
[D]16-10-2024:14:19:55:176834|saved-data  id=6001  opc=1  aero_message.c|app_aero_message__execute|482
[D]16-10-2024:14:22:59:397759|received-message-data  id=6001  opc=1  aero_message.c|app_aero_message__execute|285
[D]16-10-2024:14:22:59:397785|saved-data  id=6001  opc=1  aero_message.c|app_aero_message__execute|482
[D]16-10-2024:14:28:35:155512|received-message-data  id=6001  opc=1  aero_message.c|app_aero_message__execute|285
[D]16-10-2024:14:28:35:155545|saved-data  id=6001  opc=1  aero_message.c|app_aero_message__execute|482
[D]16-10-2024:14:29:06:604602|received-message-data  id=6001  opc=1  aero_message.c|app_aero_message__execute|285
[D]16-10-2024:14:29:06:604629|saved-data  id=6001  opc=1  aero_message.c|app_aero_message__execute|482
[D]16-10-2024:14:34:21:555417|received-message-data  id=6001  opc=1  aero_message.c|app_aero_message__execute|285
[D]16-10-2024:14:34:21:555442|saved-data  id=6001  opc=1  aero_message.c|app_aero_message__execute|482
[D]16-10-2024:15:16:34:280786|received-message-data  id=6001  opc=1  aero_message.c|app_aero_message__execute|285
[D]16-10-2024:15:16:34:280833|saved-data  id=6001  opc=1  aero_message.c|app_aero_message__execute|482
[C]16-10-2024:22:44:00:281584|TCP Server: Accepted New SocketFD=5 client=0x7effc0000d60  aero_tcp.c|app_ep_stack__server|544
[C]16-10-2024:22:44:00:281660|TCP Client: Starting Client Read Theaad with fd=5  aero_tcp.c|app_ep_stack__tcp_client|244
[D]16-10-2024:22:45:55:236582|received-message-data  id=6001  opc=1  aero_message.c|app_aero_message__execute|285
[D]16-10-2024:22:45:55:236611|saved-data  id=6001  opc=1  aero_message.c|app_aero_message__execute|482
[D]16-10-2024:22:45:55:241347|received-message-data  id=6501  opc=1  aero_message.c|app_aero_message__execute|285
[D]16-10-2024:22:45:55:241364|saved-data  id=6501  opc=1  aero_message.c|app_aero_message__execute|482
[D]16-10-2024:22:50:55:516224|received-message-data  id=6001  opc=1  aero_message.c|app_aero_message__execute|285
[D]16-10-2024:22:50:55:516256|saved-data  id=6001  opc=1  aero_message.c|app_aero_message__execute|482
[D]16-10-2024:22:50:55:519922|received-message-data  id=6501  opc=1  aero_message.c|app_aero_message__execute|285
[D]16-10-2024:22:50:55:519937|saved-data  id=6501  opc=1  aero_message.c|app_aero_message__execute|482
[D]16-10-2024:22:57:42:980310|received-message-data  id=6001  opc=1  aero_message.c|app_aero_message__execute|285
[D]16-10-2024:22:57:42:980346|saved-data  id=6001  opc=1  aero_message.c|app_aero_message__execute|482
[D]16-10-2024:22:57:42:984277|received-message-data  id=6501  opc=1  aero_message.c|app_aero_message__execute|285
[D]16-10-2024:22:57:42:984294|saved-data  id=6501  opc=1  aero_message.c|app_aero_message__execute|482
[D]16-10-2024:23:01:05:441850|received-message-data  id=6001  opc=1  aero_message.c|app_aero_message__execute|285
[D]16-10-2024:23:01:05:441876|saved-data  id=6001  opc=1  aero_message.c|app_aero_message__execute|482
[D]16-10-2024:23:01:05:445595|received-message-data  id=6501  opc=1  aero_message.c|app_aero_message__execute|285
[D]16-10-2024:23:01:05:445620|saved-data  id=6501  opc=1  aero_message.c|app_aero_message__execute|482
[D]16-10-2024:23:01:10:280363|received-message-data  id=6001  opc=1  aero_message.c|app_aero_message__execute|285
[D]16-10-2024:23:01:10:280389|saved-data  id=6001  opc=1  aero_message.c|app_aero_message__execute|482
[D]16-10-2024:23:01:10:284014|received-message-data  id=6501  opc=1  aero_message.c|app_aero_message__execute|285
[D]16-10-2024:23:01:10:284030|saved-data  id=6501  opc=1  aero_message.c|app_aero_message__execute|482
[D]16-10-2024:23:01:13:777464|received-message-data  id=6001  opc=1  aero_message.c|app_aero_message__execute|285
[D]16-10-2024:23:01:13:777489|saved-data  id=6001  opc=1  aero_message.c|app_aero_message__execute|482
[D]16-10-2024:23:01:13:781034|received-message-data  id=6501  opc=1  aero_message.c|app_aero_message__execute|285
[D]16-10-2024:23:01:13:781050|saved-data  id=6501  opc=1  aero_message.c|app_aero_message__execute|482
[D]16-10-2024:23:15:29:864927|received-message-data  id=6001  opc=1  aero_message.c|app_aero_message__execute|285
[D]16-10-2024:23:15:29:864959|saved-data  id=6001  opc=1  aero_message.c|app_aero_message__execute|482
[D]16-10-2024:23:15:29:868708|received-message-data  id=6501  opc=1  aero_message.c|app_aero_message__execute|285
[D]16-10-2024:23:15:29:868724|saved-data  id=6501  opc=1  aero_message.c|app_aero_message__execute|482
[D]17-10-2024:07:13:38:820195|received-message-data  id=6001  opc=1  aero_message.c|app_aero_message__execute|285
[D]17-10-2024:07:13:38:820224|saved-data  id=6001  opc=1  aero_message.c|app_aero_message__execute|482
[D]17-10-2024:07:13:38:824843|received-message-data  id=6501  opc=1  aero_message.c|app_aero_message__execute|285
[D]17-10-2024:07:13:38:824862|saved-data  id=6501  opc=1  aero_message.c|app_aero_message__execute|482
[D]17-10-2024:08:16:58:923818|received-message-data  id=6001  opc=1  aero_message.c|app_aero_message__execute|285
[D]17-10-2024:08:16:58:923847|saved-data  id=6001  opc=1  aero_message.c|app_aero_message__execute|482
[D]17-10-2024:08:16:58:928347|received-message-data  id=6501  opc=1  aero_message.c|app_aero_message__execute|285
[D]17-10-2024:08:16:58:928369|saved-data  id=6501  opc=1  aero_message.c|app_aero_message__execute|482
[D]17-10-2024:08:51:04:214741|received-message-data  id=6001  opc=1  aero_message.c|app_aero_message__execute|285
[D]17-10-2024:08:51:04:214771|saved-data  id=6001  opc=1  aero_message.c|app_aero_message__execute|482
[D]17-10-2024:08:51:04:223363|received-message-data  id=6501  opc=1  aero_message.c|app_aero_message__execute|285
[D]17-10-2024:08:51:04:223383|saved-data  id=6501  opc=1  aero_message.c|app_aero_message__execute|482
[D]17-10-2024:08:51:14:025277|received-message-data  id=6001  opc=1  aero_message.c|app_aero_message__execute|285
[D]17-10-2024:08:51:14:025305|saved-data  id=6001  opc=1  aero_message.c|app_aero_message__execute|482
[D]17-10-2024:08:51:14:028980|received-message-data  id=6501  opc=1  aero_message.c|app_aero_message__execute|285
[D]17-10-2024:08:51:14:029019|saved-data  id=6501  opc=1  aero_message.c|app_aero_message__execute|482
