09-07-2025:18:51:57:149518|---------0 Interafce----------|eng.c|2961
09-07-2025:18:51:57:149540|BusId: 0000:13:00.0|eng.c|2963
09-07-2025:18:51:57:149545|RQ: 2|eng.c|2964
09-07-2025:18:51:57:149549|SQ: 2|eng.c|2965
09-07-2025:18:51:57:149553|RWC: 2|eng.c|2966
09-07-2025:18:51:57:149557|SWC: 0|eng.c|2967
09-07-2025:18:51:57:149561|PGC: 0|eng.c|2968
09-07-2025:18:51:57:149564|MemPoolSize: 16384|eng.c|2969
09-07-2025:18:51:57:149568|RecvChunkSize: 128|eng.c|2970
09-07-2025:18:51:57:149572|MatchSrcMac:   0  (null)  00:00:00:00:00:00|eng.c|2971
09-07-2025:18:51:57:149577|IPv4: 192.168.144.13  IPv4=227584192|eng.c|2974
09-07-2025:18:51:57:149581|Port: 0000:13:00.0  TxPort: 0000:1b:00.0  Configured: 1  ProcessType: 1|eng.c|2975
09-07-2025:18:51:57:149586|DHCPDiscover: 0|eng.c|2977
09-07-2025:18:51:57:149589|DHCPInform: 0|eng.c|2978
09-07-2025:18:51:57:149593|EnableNAPT: 0|eng.c|2979
09-07-2025:18:51:57:149597|ifName: ens224|eng.c|2980
09-07-2025:18:51:57:149607|0000:13:00.0 natIPCount=0 EnableNAPT=0|eng.c|2984
09-07-2025:18:51:57:149840|---------1 Interafce----------|eng.c|2961
09-07-2025:18:51:57:149845|BusId: 0000:1b:00.0|eng.c|2963
09-07-2025:18:51:57:149849|RQ: 2|eng.c|2964
09-07-2025:18:51:57:149853|SQ: 2|eng.c|2965
09-07-2025:18:51:57:149857|RWC: 2|eng.c|2966
09-07-2025:18:51:57:149861|SWC: 0|eng.c|2967
09-07-2025:18:51:57:149865|PGC: 0|eng.c|2968
09-07-2025:18:51:57:149868|MemPoolSize: 16384|eng.c|2969
09-07-2025:18:51:57:149872|RecvChunkSize: 128|eng.c|2970
09-07-2025:18:51:57:149876|MatchSrcMac:   0  (null)  00:00:00:00:00:00|eng.c|2971
09-07-2025:18:51:57:149881|IPv4: 192.168.144.53  IPv4=244361408|eng.c|2974
09-07-2025:18:51:57:149885|Port: 0000:1b:00.0  TxPort: 0000:13:00.0  Configured: 1  ProcessType: 2|eng.c|2975
09-07-2025:18:51:57:149889|DHCPDiscover: 0|eng.c|2977
09-07-2025:18:51:57:149893|DHCPInform: 0|eng.c|2978
09-07-2025:18:51:57:149897|EnableNAPT: 0|eng.c|2979
09-07-2025:18:51:57:149901|ifName: ens256|eng.c|2980
09-07-2025:18:51:57:149910|0000:1b:00.0 natIPCount=0 EnableNAPT=0|eng.c|2984
09-07-2025:18:51:57:149914|-----------dpdk config init completed-----------|eng.c|3026
09-07-2025:18:51:57:149926|Static IPMAP - IPv4=10.10.19.45|756222474  00:00:00:00:00:00|eng.c|3085
09-07-2025:18:51:57:149938|Static IPMAP - IPv4=10.10.19.17|286460426  00:00:00:00:00:00|eng.c|3085
09-07-2025:18:51:57:149949|Static IPMAP - IPv4=192.168.147.255|4287867072  00:00:00:00:00:00|eng.c|3085
09-07-2025:18:51:57:608414|core count for interface=0000:13:00.0 core-count=8 RecvQueue=2 SendQueue=2 Workers=2|eng.c|3676
09-07-2025:18:51:57:608430|core count for interface=0000:1b:00.0 core-count=8 RecvQueue=2 SendQueue=2 Workers=2|eng.c|3676
09-07-2025:18:51:57:608435|total required cores=16 as per configuration for dpdk|eng.c|3700
09-07-2025:18:51:57:608472|----------------------------------------------------------------------------------------------------------|eng.c|12377
09-07-2025:18:51:57:608477|Configuring Interface  BusId=0000:13:00.0  Port=0|eng.c|12380
09-07-2025:18:51:57:608512|Total Queues   Receive=2  Send=2|eng.c|10094
09-07-2025:18:51:57:608516|Total Queues   Receive=2  Send=2|eng.c|10107
