09-07-2025:18:52:51:917634|---------0 Interafce----------|eng.c|2961
09-07-2025:18:52:51:917655|BusId: 0000:13:00.0|eng.c|2963
09-07-2025:18:52:51:917660|RQ: 1|eng.c|2964
09-07-2025:18:52:51:917664|SQ: 2|eng.c|2965
09-07-2025:18:52:51:917667|RWC: 1|eng.c|2966
09-07-2025:18:52:51:917672|SWC: 0|eng.c|2967
09-07-2025:18:52:51:917675|PGC: 0|eng.c|2968
09-07-2025:18:52:51:917679|MemPoolSize: 16384|eng.c|2969
09-07-2025:18:52:51:917683|RecvChunkSize: 128|eng.c|2970
09-07-2025:18:52:51:917687|MatchSrcMac:   0  (null)  00:00:00:00:00:00|eng.c|2971
09-07-2025:18:52:51:917692|IPv4: 192.168.144.13  IPv4=227584192|eng.c|2974
09-07-2025:18:52:51:917696|Port: 0000:13:00.0  TxPort: 0000:1b:00.0  Configured: 1  ProcessType: 1|eng.c|2975
09-07-2025:18:52:51:917700|DHCPDiscover: 0|eng.c|2977
09-07-2025:18:52:51:917705|DHCPInform: 0|eng.c|2978
09-07-2025:18:52:51:917709|EnableNAPT: 0|eng.c|2979
09-07-2025:18:52:51:917712|ifName: ens224|eng.c|2980
09-07-2025:18:52:51:917723|0000:13:00.0 natIPCount=0 EnableNAPT=0|eng.c|2984
09-07-2025:18:52:51:917956|---------1 Interafce----------|eng.c|2961
09-07-2025:18:52:51:917961|BusId: 0000:1b:00.0|eng.c|2963
09-07-2025:18:52:51:917967|RQ: 2|eng.c|2964
09-07-2025:18:52:51:917971|SQ: 2|eng.c|2965
09-07-2025:18:52:51:917975|RWC: 2|eng.c|2966
09-07-2025:18:52:51:917979|SWC: 0|eng.c|2967
09-07-2025:18:52:51:917982|PGC: 0|eng.c|2968
09-07-2025:18:52:51:917986|MemPoolSize: 16384|eng.c|2969
09-07-2025:18:52:51:917990|RecvChunkSize: 128|eng.c|2970
09-07-2025:18:52:51:917994|MatchSrcMac:   0  (null)  00:00:00:00:00:00|eng.c|2971
09-07-2025:18:52:51:917999|IPv4: 192.168.144.53  IPv4=244361408|eng.c|2974
09-07-2025:18:52:51:918003|Port: 0000:1b:00.0  TxPort: 0000:13:00.0  Configured: 1  ProcessType: 2|eng.c|2975
09-07-2025:18:52:51:918007|DHCPDiscover: 0|eng.c|2977
09-07-2025:18:52:51:918011|DHCPInform: 0|eng.c|2978
09-07-2025:18:52:51:918015|EnableNAPT: 0|eng.c|2979
09-07-2025:18:52:51:918019|ifName: ens256|eng.c|2980
09-07-2025:18:52:51:918028|0000:1b:00.0 natIPCount=0 EnableNAPT=0|eng.c|2984
09-07-2025:18:52:51:918033|-----------dpdk config init completed-----------|eng.c|3026
09-07-2025:18:52:51:918042|Static IPMAP - IPv4=10.10.19.45|756222474  00:00:00:00:00:00|eng.c|3085
09-07-2025:18:52:51:918050|Static IPMAP - IPv4=10.10.19.17|286460426  00:00:00:00:00:00|eng.c|3085
09-07-2025:18:52:51:918062|Static IPMAP - IPv4=192.168.147.255|4287867072  00:00:00:00:00:00|eng.c|3085
09-07-2025:18:52:52:384242|core count for interface=0000:13:00.0 core-count=6 RecvQueue=1 SendQueue=2 Workers=1|eng.c|3676
09-07-2025:18:52:52:384259|core count for interface=0000:1b:00.0 core-count=8 RecvQueue=2 SendQueue=2 Workers=2|eng.c|3676
09-07-2025:18:52:52:384264|total required cores=14 as per configuration for dpdk|eng.c|3700
09-07-2025:18:52:52:384313|----------------------------------------------------------------------------------------------------------|eng.c|12377
09-07-2025:18:52:52:384318|Configuring Interface  BusId=0000:13:00.0  Port=0|eng.c|12380
09-07-2025:18:52:52:384352|Total Queues   Receive=1  Send=2|eng.c|10094
09-07-2025:18:52:52:384357|Total Queues   Receive=1  Send=2|eng.c|10107
