09-07-2025:18:53:44:155549|---------0 Interafce----------|eng.c|2961
09-07-2025:18:53:44:155572|BusId: 0000:13:00.0|eng.c|2963
09-07-2025:18:53:44:155577|RQ: 1|eng.c|2964
09-07-2025:18:53:44:155581|SQ: 1|eng.c|2965
09-07-2025:18:53:44:155585|RWC: 1|eng.c|2966
09-07-2025:18:53:44:155589|SWC: 0|eng.c|2967
09-07-2025:18:53:44:155593|PGC: 0|eng.c|2968
09-07-2025:18:53:44:155597|MemPoolSize: 16384|eng.c|2969
09-07-2025:18:53:44:155601|RecvChunkSize: 128|eng.c|2970
09-07-2025:18:53:44:155605|MatchSrcMac:   0  (null)  00:00:00:00:00:00|eng.c|2971
09-07-2025:18:53:44:155609|IPv4: 192.168.144.13  IPv4=227584192|eng.c|2974
09-07-2025:18:53:44:155614|Port: 0000:13:00.0  TxPort: 0000:1b:00.0  Configured: 1  ProcessType: 1|eng.c|2975
09-07-2025:18:53:44:155618|DHCPDiscover: 0|eng.c|2977
09-07-2025:18:53:44:155622|DHCPInform: 0|eng.c|2978
09-07-2025:18:53:44:155626|EnableNAPT: 0|eng.c|2979
09-07-2025:18:53:44:155630|ifName: ens224|eng.c|2980
09-07-2025:18:53:44:155640|0000:13:00.0 natIPCount=0 EnableNAPT=0|eng.c|2984
09-07-2025:18:53:44:155883|---------1 Interafce----------|eng.c|2961
09-07-2025:18:53:44:155888|BusId: 0000:1b:00.0|eng.c|2963
09-07-2025:18:53:44:155892|RQ: 1|eng.c|2964
09-07-2025:18:53:44:155896|SQ: 1|eng.c|2965
09-07-2025:18:53:44:155900|RWC: 1|eng.c|2966
09-07-2025:18:53:44:155903|SWC: 0|eng.c|2967
09-07-2025:18:53:44:155907|PGC: 0|eng.c|2968
09-07-2025:18:53:44:155911|MemPoolSize: 16384|eng.c|2969
09-07-2025:18:53:44:155915|RecvChunkSize: 128|eng.c|2970
09-07-2025:18:53:44:155919|MatchSrcMac:   0  (null)  00:00:00:00:00:00|eng.c|2971
09-07-2025:18:53:44:155923|IPv4: 192.168.144.53  IPv4=244361408|eng.c|2974
09-07-2025:18:53:44:155928|Port: 0000:1b:00.0  TxPort: 0000:13:00.0  Configured: 1  ProcessType: 2|eng.c|2975
09-07-2025:18:53:44:155932|DHCPDiscover: 0|eng.c|2977
09-07-2025:18:53:44:155936|DHCPInform: 0|eng.c|2978
09-07-2025:18:53:44:155940|EnableNAPT: 0|eng.c|2979
09-07-2025:18:53:44:155943|ifName: ens256|eng.c|2980
09-07-2025:18:53:44:155958|0000:1b:00.0 natIPCount=0 EnableNAPT=0|eng.c|2984
09-07-2025:18:53:44:155962|-----------dpdk config init completed-----------|eng.c|3026
09-07-2025:18:53:44:155976|Static IPMAP - IPv4=10.10.19.45|756222474  00:00:00:00:00:00|eng.c|3085
09-07-2025:18:53:44:155995|Static IPMAP - IPv4=10.10.19.17|286460426  00:00:00:00:00:00|eng.c|3085
09-07-2025:18:53:44:156011|Static IPMAP - IPv4=192.168.147.255|4287867072  00:00:00:00:00:00|eng.c|3085
09-07-2025:18:53:44:608133|core count for interface=0000:13:00.0 core-count=5 RecvQueue=1 SendQueue=1 Workers=1|eng.c|3676
09-07-2025:18:53:44:608151|core count for interface=0000:1b:00.0 core-count=5 RecvQueue=1 SendQueue=1 Workers=1|eng.c|3676
09-07-2025:18:53:44:608156|total required cores=10 as per configuration for dpdk|eng.c|3700
09-07-2025:18:53:44:608211|----------------------------------------------------------------------------------------------------------|eng.c|12377
09-07-2025:18:53:44:608217|Configuring Interface  BusId=0000:13:00.0  Port=0|eng.c|12380
09-07-2025:18:53:44:608251|Total Queues   Receive=1  Send=1|eng.c|10094
09-07-2025:18:53:44:608256|Total Queues   Receive=1  Send=1|eng.c|10107
