09-07-2025:18:54:15:305999|---------0 Interafce----------|eng.c|2961
09-07-2025:18:54:15:306020|BusId: 0000:13:00.0|eng.c|2963
09-07-2025:18:54:15:306024|RQ: 1|eng.c|2964
09-07-2025:18:54:15:306029|SQ: 1|eng.c|2965
09-07-2025:18:54:15:306033|RWC: 1|eng.c|2966
09-07-2025:18:54:15:306037|SWC: 0|eng.c|2967
09-07-2025:18:54:15:306041|PGC: 0|eng.c|2968
09-07-2025:18:54:15:306045|MemPoolSize: 16384|eng.c|2969
09-07-2025:18:54:15:306049|RecvChunkSize: 128|eng.c|2970
09-07-2025:18:54:15:306053|MatchSrcMac:   0  (null)  00:00:00:00:00:00|eng.c|2971
09-07-2025:18:54:15:306058|IPv4: 192.168.144.13  IPv4=227584192|eng.c|2974
09-07-2025:18:54:15:306062|Port: 0000:13:00.0  TxPort: 0000:1b:00.0  Configured: 1  ProcessType: 1|eng.c|2975
09-07-2025:18:54:15:306067|DHCPDiscover: 0|eng.c|2977
09-07-2025:18:54:15:306071|DHCPInform: 0|eng.c|2978
09-07-2025:18:54:15:306075|EnableNAPT: 0|eng.c|2979
09-07-2025:18:54:15:306079|ifName: ens224|eng.c|2980
09-07-2025:18:54:15:306089|0000:13:00.0 natIPCount=0 EnableNAPT=0|eng.c|2984
09-07-2025:18:54:15:306336|---------1 Interafce----------|eng.c|2961
09-07-2025:18:54:15:306342|BusId: 0000:1b:00.0|eng.c|2963
09-07-2025:18:54:15:306346|RQ: 1|eng.c|2964
09-07-2025:18:54:15:306350|SQ: 1|eng.c|2965
09-07-2025:18:54:15:306354|RWC: 1|eng.c|2966
09-07-2025:18:54:15:306358|SWC: 0|eng.c|2967
09-07-2025:18:54:15:306362|PGC: 0|eng.c|2968
09-07-2025:18:54:15:306366|MemPoolSize: 16384|eng.c|2969
09-07-2025:18:54:15:306370|RecvChunkSize: 128|eng.c|2970
09-07-2025:18:54:15:306374|MatchSrcMac:   0  (null)  00:00:00:00:00:00|eng.c|2971
09-07-2025:18:54:15:306378|IPv4: 192.168.144.53  IPv4=244361408|eng.c|2974
09-07-2025:18:54:15:306383|Port: 0000:1b:00.0  TxPort: 0000:13:00.0  Configured: 1  ProcessType: 2|eng.c|2975
09-07-2025:18:54:15:306387|DHCPDiscover: 0|eng.c|2977
09-07-2025:18:54:15:306391|DHCPInform: 0|eng.c|2978
09-07-2025:18:54:15:306395|EnableNAPT: 0|eng.c|2979
09-07-2025:18:54:15:306399|ifName: ens256|eng.c|2980
09-07-2025:18:54:15:306409|0000:1b:00.0 natIPCount=0 EnableNAPT=0|eng.c|2984
09-07-2025:18:54:15:306414|-----------dpdk config init completed-----------|eng.c|3026
09-07-2025:18:54:15:306423|Static IPMAP - IPv4=10.10.19.45|756222474  00:00:00:00:00:00|eng.c|3085
09-07-2025:18:54:15:306433|Static IPMAP - IPv4=10.10.19.17|286460426  00:00:00:00:00:00|eng.c|3085
09-07-2025:18:54:15:306447|Static IPMAP - IPv4=192.168.147.255|4287867072  00:00:00:00:00:00|eng.c|3085
09-07-2025:18:54:15:760416|core count for interface=0000:13:00.0 core-count=5 RecvQueue=1 SendQueue=1 Workers=1|eng.c|3676
09-07-2025:18:54:15:760432|core count for interface=0000:1b:00.0 core-count=5 RecvQueue=1 SendQueue=1 Workers=1|eng.c|3676
09-07-2025:18:54:15:760438|total required cores=10 as per configuration for dpdk|eng.c|3700
09-07-2025:18:54:15:760518|----------------------------------------------------------------------------------------------------------|eng.c|12377
09-07-2025:18:54:15:760524|Configuring Interface  BusId=0000:13:00.0  Port=0|eng.c|12380
09-07-2025:18:54:15:760561|Total Queues   Receive=1  Send=1|eng.c|10094
09-07-2025:18:54:15:760565|Total Queues   Receive=1  Send=1|eng.c|10107
