[C]14-10-2024:19:58:15:395845|LOGGER Started
[C]14-10-2024:19:58:15:398571|aerospike_connect() succesfull  Primary-IP=192.168.149.72 Port=3000   err.code=0 err.message=  main.c|app_xidp__connect|217
[C]14-10-2024:19:58:15:400452|Started XIDP-Server  main.c|main|982
[D]14-10-2024:19:58:15:762284|scan-completed with record-count=18  main.c|app_xidp__load_as_context|708
[C]14-10-2024:19:58:15:764639|TCP Server Started at IP=192.168.144.11 Port=9397  ../areospike_app/aero_tcp.c|app_ep_stack__server|523
[C]14-10-2024:19:58:15:766373|TCP Server: Connected to Server with fd=8  ../areospike_app/aero_tcp.c|app_ep_stack__tcp_start_client_thread|691
[C]14-10-2024:19:58:41:208853|TCP Server: Accepted New SocketFD=7 client=0x7f6bbc000b60  ../areospike_app/aero_tcp.c|app_ep_stack__server|544
[C]14-10-2024:19:58:41:208894|TCP Client: Starting Client Read Theaad with fd=7  ../areospike_app/aero_tcp.c|app_ep_stack__tcp_client|244
[C]14-10-2024:19:59:15:481828|received request with opc=1000  xmsg.id=20001  main.c|app_xidp__handle_request|481
[C]14-10-2024:19:59:15:481892|sentBytes=84 pos=84 len=84  main.c|app_aero__as_putx|865
[C]14-10-2024:19:59:22:464683|received request with opc=1000  xmsg.id=20001  main.c|app_xidp__handle_request|481
[C]14-10-2024:19:59:22:464739|sentBytes=84 pos=84 len=84  main.c|app_aero__as_putx|865
[C]14-10-2024:20:00:01:167735|TCP Server: Connection closed with fd=7  ../areospike_app/aero_tcp.c|app_ep_stack__tcp_close_client|148
[C]14-10-2024:20:01:10:926128|TCP Server: Accepted New SocketFD=9 client=0x7f6bbc000b60  ../areospike_app/aero_tcp.c|app_ep_stack__server|544
[C]14-10-2024:20:01:10:926172|TCP Client: Starting Client Read Theaad with fd=9  ../areospike_app/aero_tcp.c|app_ep_stack__tcp_client|244
[C]14-10-2024:20:01:34:828969|received request with opc=1000  xmsg.id=20001  main.c|app_xidp__handle_request|481
[C]14-10-2024:20:01:34:829024|sentBytes=84 pos=84 len=84  main.c|app_aero__as_putx|865
[C]14-10-2024:20:01:41:317192|received request with opc=1000  xmsg.id=20001  main.c|app_xidp__handle_request|481
[C]14-10-2024:20:01:41:317247|sentBytes=84 pos=84 len=84  main.c|app_aero__as_putx|865
[C]14-10-2024:20:01:42:208324|TCP Server: Connection closed with fd=9  ../areospike_app/aero_tcp.c|app_ep_stack__tcp_close_client|148
[C]14-10-2024:20:06:40:916305|TCP Server: Accepted New SocketFD=5 client=0x7f6bbc000b60  ../areospike_app/aero_tcp.c|app_ep_stack__server|544
[C]14-10-2024:20:06:40:916352|TCP Client: Starting Client Read Theaad with fd=5  ../areospike_app/aero_tcp.c|app_ep_stack__tcp_client|244
[C]14-10-2024:20:07:00:835967|received request with opc=1000  xmsg.id=20001  main.c|app_xidp__handle_request|481
[C]14-10-2024:20:07:00:836035|sentBytes=84 pos=84 len=84  main.c|app_aero__as_putx|865
[C]14-10-2024:20:07:07:155245|received request with opc=1000  xmsg.id=20001  main.c|app_xidp__handle_request|481
[C]14-10-2024:20:07:07:155304|sentBytes=84 pos=84 len=84  main.c|app_aero__as_putx|865
[C]14-10-2024:20:07:50:201168|TCP Server: Connection closed with fd=5  ../areospike_app/aero_tcp.c|app_ep_stack__tcp_close_client|148
[C]14-10-2024:20:12:26:877888|TCP Server: Accepted New SocketFD=7 client=0x7f6bbc000b60  ../areospike_app/aero_tcp.c|app_ep_stack__server|544
[C]14-10-2024:20:12:26:877927|TCP Client: Starting Client Read Theaad with fd=7  ../areospike_app/aero_tcp.c|app_ep_stack__tcp_client|244
[C]14-10-2024:20:12:47:114975|received request with opc=1000  xmsg.id=20001  main.c|app_xidp__handle_request|481
[C]14-10-2024:20:12:47:115037|sentBytes=84 pos=84 len=84  main.c|app_aero__as_putx|865
[C]14-10-2024:20:12:47:295849|TCP Server: Connection closed with fd=7  ../areospike_app/aero_tcp.c|app_ep_stack__tcp_close_client|148
[C]14-10-2024:20:13:45:315931|TCP Server: Accepted New SocketFD=5 client=0x7f6bbc000b60  ../areospike_app/aero_tcp.c|app_ep_stack__server|544
[C]14-10-2024:20:13:45:316006|TCP Client: Starting Client Read Theaad with fd=5  ../areospike_app/aero_tcp.c|app_ep_stack__tcp_client|244
[C]14-10-2024:20:13:46:695476|TCP Server: Connection closed with fd=5  ../areospike_app/aero_tcp.c|app_ep_stack__tcp_close_client|148
[C]14-10-2024:20:14:19:514900|TCP Server: Accepted New SocketFD=7 client=0x7f6bbc000b60  ../areospike_app/aero_tcp.c|app_ep_stack__server|544
[C]14-10-2024:20:14:19:514981|TCP Client: Starting Client Read Theaad with fd=7  ../areospike_app/aero_tcp.c|app_ep_stack__tcp_client|244
[C]14-10-2024:20:14:39:159702|received request with opc=1000  xmsg.id=20001  main.c|app_xidp__handle_request|481
[C]14-10-2024:20:14:39:159763|sentBytes=84 pos=84 len=84  main.c|app_aero__as_putx|865
[C]14-10-2024:20:14:41:356068|TCP Server: Connection closed with fd=7  ../areospike_app/aero_tcp.c|app_ep_stack__tcp_close_client|148
[C]14-10-2024:20:19:14:843034|TCP Server: Accepted New SocketFD=5 client=0x7f6bbc000b60  ../areospike_app/aero_tcp.c|app_ep_stack__server|544
[C]14-10-2024:20:19:14:843098|TCP Client: Starting Client Read Theaad with fd=5  ../areospike_app/aero_tcp.c|app_ep_stack__tcp_client|244
[C]14-10-2024:20:19:37:174345|received request with opc=1000  xmsg.id=20001  main.c|app_xidp__handle_request|481
[C]14-10-2024:20:19:37:174389|sentBytes=84 pos=84 len=84  main.c|app_aero__as_putx|865
[C]14-10-2024:20:19:43:663075|received request with opc=1000  xmsg.id=20001  main.c|app_xidp__handle_request|481
[C]14-10-2024:20:19:43:663141|sentBytes=84 pos=84 len=84  main.c|app_aero__as_putx|865
[C]14-10-2024:20:20:18:751295|TCP Server: Connection closed with fd=5  ../areospike_app/aero_tcp.c|app_ep_stack__tcp_close_client|148
[C]14-10-2024:20:33:53:514220|TCP Server: Accepted New SocketFD=7 client=0x7f6bbc000b60  ../areospike_app/aero_tcp.c|app_ep_stack__server|544
[C]14-10-2024:20:33:53:514272|TCP Client: Starting Client Read Theaad with fd=7  ../areospike_app/aero_tcp.c|app_ep_stack__tcp_client|244
[C]14-10-2024:20:34:13:967887|received request with opc=1000  xmsg.id=20001  main.c|app_xidp__handle_request|481
[C]14-10-2024:20:34:13:967952|sentBytes=84 pos=84 len=84  main.c|app_aero__as_putx|865
[C]14-10-2024:20:34:20:186888|received request with opc=1000  xmsg.id=20001  main.c|app_xidp__handle_request|481
[C]14-10-2024:20:34:20:186926|sentBytes=84 pos=84 len=84  main.c|app_aero__as_putx|865
[C]14-10-2024:20:34:31:786022|TCP Server: Connection closed with fd=7  ../areospike_app/aero_tcp.c|app_ep_stack__tcp_close_client|148
[C]14-10-2024:20:48:25:641482|TCP Server: Accepted New SocketFD=5 client=0x7f6bbc000b60  ../areospike_app/aero_tcp.c|app_ep_stack__server|544
[C]14-10-2024:20:48:25:641633|TCP Client: Starting Client Read Theaad with fd=5  ../areospike_app/aero_tcp.c|app_ep_stack__tcp_client|244
[C]14-10-2024:20:48:44:082061|received request with opc=1000  xmsg.id=20001  main.c|app_xidp__handle_request|481
[C]14-10-2024:20:48:44:082116|sentBytes=84 pos=84 len=84  main.c|app_aero__as_putx|865
[C]14-10-2024:20:48:49:491837|TCP Server: Connection closed with fd=5  ../areospike_app/aero_tcp.c|app_ep_stack__tcp_close_client|148
[C]14-10-2024:20:51:32:943990|TCP Server: Accepted New SocketFD=7 client=0x7f6bbc000b60  ../areospike_app/aero_tcp.c|app_ep_stack__server|544
[C]14-10-2024:20:51:32:944043|TCP Client: Starting Client Read Theaad with fd=7  ../areospike_app/aero_tcp.c|app_ep_stack__tcp_client|244
[C]14-10-2024:20:51:49:705832|received request with opc=1000  xmsg.id=20001  main.c|app_xidp__handle_request|481
[C]14-10-2024:20:51:49:705881|sentBytes=84 pos=84 len=84  main.c|app_aero__as_putx|865
[C]14-10-2024:20:51:55:717331|received request with opc=1000  xmsg.id=20001  main.c|app_xidp__handle_request|481
[C]14-10-2024:20:51:55:717381|sentBytes=84 pos=84 len=84  main.c|app_aero__as_putx|865
[C]14-10-2024:20:52:12:252197|TCP Server: Connection closed with fd=7  ../areospike_app/aero_tcp.c|app_ep_stack__tcp_close_client|148
[C]14-10-2024:20:58:48:400963|TCP Server: Accepted New SocketFD=5 client=0x7f6bbc000b60  ../areospike_app/aero_tcp.c|app_ep_stack__server|544
[C]14-10-2024:20:58:48:401037|TCP Client: Starting Client Read Theaad with fd=5  ../areospike_app/aero_tcp.c|app_ep_stack__tcp_client|244
[C]14-10-2024:20:58:59:563197|received request with opc=1000  xmsg.id=20001  main.c|app_xidp__handle_request|481
[C]14-10-2024:20:58:59:563253|sentBytes=84 pos=84 len=84  main.c|app_aero__as_putx|865
[C]14-10-2024:20:59:06:034348|received request with opc=1000  xmsg.id=20001  main.c|app_xidp__handle_request|481
[C]14-10-2024:20:59:06:034415|sentBytes=84 pos=84 len=84  main.c|app_aero__as_putx|865
[C]14-10-2024:20:59:56:136192|TCP Server: Connection closed with fd=5  ../areospike_app/aero_tcp.c|app_ep_stack__tcp_close_client|148
[C]14-10-2024:21:00:21:401250|TCP Server: Accepted New SocketFD=7 client=0x7f6bbc000b60  ../areospike_app/aero_tcp.c|app_ep_stack__server|544
[C]14-10-2024:21:00:21:401306|TCP Client: Starting Client Read Theaad with fd=7  ../areospike_app/aero_tcp.c|app_ep_stack__tcp_client|244
[C]14-10-2024:21:00:31:882438|received request with opc=1000  xmsg.id=20001  main.c|app_xidp__handle_request|481
[C]14-10-2024:21:00:31:882502|sentBytes=84 pos=84 len=84  main.c|app_aero__as_putx|865
[C]14-10-2024:21:00:38:672075|received request with opc=1000  xmsg.id=20001  main.c|app_xidp__handle_request|481
[C]14-10-2024:21:00:38:672131|sentBytes=84 pos=84 len=84  main.c|app_aero__as_putx|865
[C]14-10-2024:21:03:49:081321|TCP Server: Connection closed with fd=7  ../areospike_app/aero_tcp.c|app_ep_stack__tcp_close_client|148
[C]14-10-2024:21:03:55:262835|TCP Server: Accepted New SocketFD=5 client=0x7f6bbc000b60  ../areospike_app/aero_tcp.c|app_ep_stack__server|544
[C]14-10-2024:21:03:55:262894|TCP Client: Starting Client Read Theaad with fd=5  ../areospike_app/aero_tcp.c|app_ep_stack__tcp_client|244
[C]14-10-2024:21:04:05:539726|received request with opc=1000  xmsg.id=20001  main.c|app_xidp__handle_request|481
[C]14-10-2024:21:04:05:539788|sentBytes=84 pos=84 len=84  main.c|app_aero__as_putx|865
[C]14-10-2024:21:04:12:212484|received request with opc=1000  xmsg.id=20001  main.c|app_xidp__handle_request|481
[C]14-10-2024:21:04:12:212540|sentBytes=84 pos=84 len=84  main.c|app_aero__as_putx|865
[C]14-10-2024:21:04:17:082005|TCP Server: Connection closed with fd=5  ../areospike_app/aero_tcp.c|app_ep_stack__tcp_close_client|148
[C]14-10-2024:21:09:49:215177|TCP Server: Accepted New SocketFD=7 client=0x7f6bbc000b60  ../areospike_app/aero_tcp.c|app_ep_stack__server|544
[C]14-10-2024:21:09:49:215236|TCP Client: Starting Client Read Theaad with fd=7  ../areospike_app/aero_tcp.c|app_ep_stack__tcp_client|244
[C]14-10-2024:21:09:51:231700|TCP Server: Connection closed with fd=7  ../areospike_app/aero_tcp.c|app_ep_stack__tcp_close_client|148
[C]14-10-2024:21:10:13:180443|TCP Server: Accepted New SocketFD=5 client=0x7f6bbc000b60  ../areospike_app/aero_tcp.c|app_ep_stack__server|544
[C]14-10-2024:21:10:13:180491|TCP Client: Starting Client Read Theaad with fd=5  ../areospike_app/aero_tcp.c|app_ep_stack__tcp_client|244
[C]14-10-2024:21:10:32:428518|received request with opc=1000  xmsg.id=20001  main.c|app_xidp__handle_request|481
[C]14-10-2024:21:10:32:428581|sentBytes=84 pos=84 len=84  main.c|app_aero__as_putx|865
[C]14-10-2024:21:10:38:707089|received request with opc=1000  xmsg.id=20001  main.c|app_xidp__handle_request|481
[C]14-10-2024:21:10:38:707151|sentBytes=84 pos=84 len=84  main.c|app_aero__as_putx|865
[C]14-10-2024:21:10:46:017206|TCP Server: Connection closed with fd=5  ../areospike_app/aero_tcp.c|app_ep_stack__tcp_close_client|148
[C]14-10-2024:21:15:32:864113|TCP Server: Accepted New SocketFD=7 client=0x7f6bbc000b60  ../areospike_app/aero_tcp.c|app_ep_stack__server|544
[C]14-10-2024:21:15:32:864153|TCP Client: Starting Client Read Theaad with fd=7  ../areospike_app/aero_tcp.c|app_ep_stack__tcp_client|244
[C]14-10-2024:21:15:56:739840|received request with opc=1000  xmsg.id=20001  main.c|app_xidp__handle_request|481
[C]14-10-2024:21:15:56:739908|sentBytes=84 pos=84 len=84  main.c|app_aero__as_putx|865
[C]14-10-2024:21:16:02:456833|TCP Server: Connection closed with fd=7  ../areospike_app/aero_tcp.c|app_ep_stack__tcp_close_client|148
[C]14-10-2024:21:46:43:278848|TCP Server: Accepted New SocketFD=5 client=0x7f6bbc000b60  ../areospike_app/aero_tcp.c|app_ep_stack__server|544
[C]14-10-2024:21:46:43:278911|TCP Client: Starting Client Read Theaad with fd=5  ../areospike_app/aero_tcp.c|app_ep_stack__tcp_client|244
[C]14-10-2024:21:47:03:688059|received request with opc=1000  xmsg.id=20001  main.c|app_xidp__handle_request|481
[C]14-10-2024:21:47:03:688100|sentBytes=84 pos=84 len=84  main.c|app_aero__as_putx|865
[C]14-10-2024:21:47:09:924285|received request with opc=1000  xmsg.id=20001  main.c|app_xidp__handle_request|481
[C]14-10-2024:21:47:09:924346|sentBytes=84 pos=84 len=84  main.c|app_aero__as_putx|865
[C]14-10-2024:21:47:13:374748|TCP Server: Connection closed with fd=5  ../areospike_app/aero_tcp.c|app_ep_stack__tcp_close_client|148
[C]14-10-2024:21:54:22:307829|TCP Server: Accepted New SocketFD=7 client=0x7f6bbc000b60  ../areospike_app/aero_tcp.c|app_ep_stack__server|544
[C]14-10-2024:21:54:22:307910|TCP Client: Starting Client Read Theaad with fd=7  ../areospike_app/aero_tcp.c|app_ep_stack__tcp_client|244
[C]14-10-2024:21:55:30:202414|received request with opc=1000  xmsg.id=20001  main.c|app_xidp__handle_request|481
[C]14-10-2024:21:55:30:202474|sentBytes=84 pos=84 len=84  main.c|app_aero__as_putx|865
[C]14-10-2024:21:55:36:847512|received request with opc=1000  xmsg.id=20001  main.c|app_xidp__handle_request|481
[C]14-10-2024:21:55:36:847572|sentBytes=84 pos=84 len=84  main.c|app_aero__as_putx|865
[C]14-10-2024:21:55:46:536550|TCP Server: Connection closed with fd=7  ../areospike_app/aero_tcp.c|app_ep_stack__tcp_close_client|148
[C]14-10-2024:22:00:34:355093|TCP Server: Accepted New SocketFD=5 client=0x7f6bbc000b60  ../areospike_app/aero_tcp.c|app_ep_stack__server|544
[C]14-10-2024:22:00:34:355149|TCP Client: Starting Client Read Theaad with fd=5  ../areospike_app/aero_tcp.c|app_ep_stack__tcp_client|244
[C]14-10-2024:22:01:00:630337|received request with opc=1000  xmsg.id=20001  main.c|app_xidp__handle_request|481
[C]14-10-2024:22:01:00:630398|sentBytes=84 pos=84 len=84  main.c|app_aero__as_putx|865
[C]14-10-2024:22:01:06:995676|received request with opc=1000  xmsg.id=20001  main.c|app_xidp__handle_request|481
[C]14-10-2024:22:01:06:995713|sentBytes=84 pos=84 len=84  main.c|app_aero__as_putx|865
[C]14-10-2024:22:01:08:958639|TCP Server: Connection closed with fd=5  ../areospike_app/aero_tcp.c|app_ep_stack__tcp_close_client|148
[C]14-10-2024:22:02:36:350565|TCP Server: Accepted New SocketFD=7 client=0x7f6bbc000b60  ../areospike_app/aero_tcp.c|app_ep_stack__server|544
[C]14-10-2024:22:02:36:350622|TCP Client: Starting Client Read Theaad with fd=7  ../areospike_app/aero_tcp.c|app_ep_stack__tcp_client|244
[C]14-10-2024:22:02:57:598241|received request with opc=1000  xmsg.id=20001  main.c|app_xidp__handle_request|481
[C]14-10-2024:22:02:57:598300|sentBytes=84 pos=84 len=84  main.c|app_aero__as_putx|865
[C]14-10-2024:22:03:04:312398|received request with opc=1000  xmsg.id=20001  main.c|app_xidp__handle_request|481
[C]14-10-2024:22:03:04:312435|sentBytes=84 pos=84 len=84  main.c|app_aero__as_putx|865
[C]14-10-2024:22:03:07:669664|TCP Server: Connection closed with fd=7  ../areospike_app/aero_tcp.c|app_ep_stack__tcp_close_client|148
[C]14-10-2024:22:03:27:827707|TCP Server: Accepted New SocketFD=5 client=0x7f6bbc000b60  ../areospike_app/aero_tcp.c|app_ep_stack__server|544
[C]14-10-2024:22:03:27:827769|TCP Client: Starting Client Read Theaad with fd=5  ../areospike_app/aero_tcp.c|app_ep_stack__tcp_client|244
[C]14-10-2024:22:03:48:157009|received request with opc=1000  xmsg.id=20001  main.c|app_xidp__handle_request|481
[C]14-10-2024:22:03:48:157065|sentBytes=84 pos=84 len=84  main.c|app_aero__as_putx|865
[C]14-10-2024:22:03:54:920796|received request with opc=1000  xmsg.id=20001  main.c|app_xidp__handle_request|481
[C]14-10-2024:22:03:54:920834|sentBytes=84 pos=84 len=84  main.c|app_aero__as_putx|865
[C]14-10-2024:22:03:56:755542|TCP Server: Connection closed with fd=5  ../areospike_app/aero_tcp.c|app_ep_stack__tcp_close_client|148
[C]14-10-2024:22:08:04:702904|TCP Server: Accepted New SocketFD=7 client=0x7f6bbc000b60  ../areospike_app/aero_tcp.c|app_ep_stack__server|544
[C]14-10-2024:22:08:04:702948|TCP Client: Starting Client Read Theaad with fd=7  ../areospike_app/aero_tcp.c|app_ep_stack__tcp_client|244
[C]14-10-2024:22:08:24:786895|received request with opc=1000  xmsg.id=20001  main.c|app_xidp__handle_request|481
[C]14-10-2024:22:08:24:786936|sentBytes=84 pos=84 len=84  main.c|app_aero__as_putx|865
[C]14-10-2024:22:08:30:025569|TCP Server: Connection closed with fd=7  ../areospike_app/aero_tcp.c|app_ep_stack__tcp_close_client|148
[C]14-10-2024:22:52:34:678028|TCP Server: Accepted New SocketFD=5 client=0x7f6bbc000b60  ../areospike_app/aero_tcp.c|app_ep_stack__server|544
[C]14-10-2024:22:52:34:678080|TCP Client: Starting Client Read Theaad with fd=5  ../areospike_app/aero_tcp.c|app_ep_stack__tcp_client|244
[C]14-10-2024:22:52:53:278753|received request with opc=1000  xmsg.id=20001  main.c|app_xidp__handle_request|481
[C]14-10-2024:22:52:53:278813|sentBytes=84 pos=84 len=84  main.c|app_aero__as_putx|865
[C]14-10-2024:22:52:57:863518|TCP Server: Connection closed with fd=5  ../areospike_app/aero_tcp.c|app_ep_stack__tcp_close_client|148
[C]14-10-2024:22:55:21:171239|TCP Server: Accepted New SocketFD=7 client=0x7f6bbc000b60  ../areospike_app/aero_tcp.c|app_ep_stack__server|544
[C]14-10-2024:22:55:21:171296|TCP Client: Starting Client Read Theaad with fd=7  ../areospike_app/aero_tcp.c|app_ep_stack__tcp_client|244
[C]14-10-2024:22:55:22:616421|TCP Server: Connection closed with fd=7  ../areospike_app/aero_tcp.c|app_ep_stack__tcp_close_client|148
[C]14-10-2024:22:55:27:040410|TCP Server: Accepted New SocketFD=5 client=0x7f6bbc000b60  ../areospike_app/aero_tcp.c|app_ep_stack__server|544
[C]14-10-2024:22:55:27:040462|TCP Client: Starting Client Read Theaad with fd=5  ../areospike_app/aero_tcp.c|app_ep_stack__tcp_client|244
[C]14-10-2024:22:55:42:179078|received request with opc=1000  xmsg.id=20001  main.c|app_xidp__handle_request|481
[C]14-10-2024:22:55:42:179119|sentBytes=84 pos=84 len=84  main.c|app_aero__as_putx|865
[C]14-10-2024:22:55:47:896983|TCP Server: Connection closed with fd=5  ../areospike_app/aero_tcp.c|app_ep_stack__tcp_close_client|148
[C]14-10-2024:22:59:29:453745|TCP Server: Accepted New SocketFD=7 client=0x7f6bbc000b60  ../areospike_app/aero_tcp.c|app_ep_stack__server|544
[C]14-10-2024:22:59:29:453814|TCP Client: Starting Client Read Theaad with fd=7  ../areospike_app/aero_tcp.c|app_ep_stack__tcp_client|244
[C]14-10-2024:22:59:37:665673|TCP Server: Connection closed with fd=7  ../areospike_app/aero_tcp.c|app_ep_stack__tcp_close_client|148
[C]14-10-2024:22:59:46:825906|TCP Server: Accepted New SocketFD=5 client=0x7f6bbc000b60  ../areospike_app/aero_tcp.c|app_ep_stack__server|544
[C]14-10-2024:22:59:46:825961|TCP Client: Starting Client Read Theaad with fd=5  ../areospike_app/aero_tcp.c|app_ep_stack__tcp_client|244
[C]14-10-2024:22:59:59:517798|received request with opc=1000  xmsg.id=20001  main.c|app_xidp__handle_request|481
[C]14-10-2024:22:59:59:517860|sentBytes=84 pos=84 len=84  main.c|app_aero__as_putx|865
[C]14-10-2024:23:00:04:949621|TCP Server: Connection closed with fd=5  ../areospike_app/aero_tcp.c|app_ep_stack__tcp_close_client|148
[C]15-10-2024:07:31:44:166211|TCP Server: Accepted New SocketFD=7 client=0x7f6bbc000b60  ../areospike_app/aero_tcp.c|app_ep_stack__server|544
[C]15-10-2024:07:31:44:166283|TCP Client: Starting Client Read Theaad with fd=7  ../areospike_app/aero_tcp.c|app_ep_stack__tcp_client|244
[C]15-10-2024:07:31:47:130344|TCP Server: Connection closed with fd=7  ../areospike_app/aero_tcp.c|app_ep_stack__tcp_close_client|148
[C]15-10-2024:07:32:02:246420|TCP Server: Accepted New SocketFD=5 client=0x7f6bbc000b60  ../areospike_app/aero_tcp.c|app_ep_stack__server|544
[C]15-10-2024:07:32:02:246492|TCP Client: Starting Client Read Theaad with fd=5  ../areospike_app/aero_tcp.c|app_ep_stack__tcp_client|244
[C]15-10-2024:07:32:07:820190|TCP Server: Connection closed with fd=5  ../areospike_app/aero_tcp.c|app_ep_stack__tcp_close_client|148
[C]15-10-2024:07:33:54:613735|TCP Server: Accepted New SocketFD=7 client=0x7f6bbc000b60  ../areospike_app/aero_tcp.c|app_ep_stack__server|544
[C]15-10-2024:07:33:54:613795|TCP Client: Starting Client Read Theaad with fd=7  ../areospike_app/aero_tcp.c|app_ep_stack__tcp_client|244
[C]15-10-2024:07:34:11:929824|TCP Server: Connection closed with fd=7  ../areospike_app/aero_tcp.c|app_ep_stack__tcp_close_client|148
[C]15-10-2024:07:34:18:602761|TCP Server: Accepted New SocketFD=5 client=0x7f6bbc000b60  ../areospike_app/aero_tcp.c|app_ep_stack__server|544
[C]15-10-2024:07:34:18:602815|TCP Client: Starting Client Read Theaad with fd=5  ../areospike_app/aero_tcp.c|app_ep_stack__tcp_client|244
[C]15-10-2024:07:35:42:037021|received request with opc=1000  xmsg.id=20001  main.c|app_xidp__handle_request|481
[C]15-10-2024:07:35:42:037088|sentBytes=84 pos=84 len=84  main.c|app_aero__as_putx|865
[C]15-10-2024:07:36:05:198114|TCP Server: Connection closed with fd=5  ../areospike_app/aero_tcp.c|app_ep_stack__tcp_close_client|148
[C]15-10-2024:07:37:04:441268|TCP Server: Accepted New SocketFD=7 client=0x7f6bbc000b60  ../areospike_app/aero_tcp.c|app_ep_stack__server|544
[C]15-10-2024:07:37:04:441334|TCP Client: Starting Client Read Theaad with fd=7  ../areospike_app/aero_tcp.c|app_ep_stack__tcp_client|244
[C]15-10-2024:07:37:06:576137|TCP Server: Connection closed with fd=7  ../areospike_app/aero_tcp.c|app_ep_stack__tcp_close_client|148
[C]15-10-2024:07:37:50:349187|TCP Server: Accepted New SocketFD=5 client=0x7f6bbc000b60  ../areospike_app/aero_tcp.c|app_ep_stack__server|544
[C]15-10-2024:07:37:50:349257|TCP Client: Starting Client Read Theaad with fd=5  ../areospike_app/aero_tcp.c|app_ep_stack__tcp_client|244
[C]15-10-2024:07:37:52:629376|TCP Server: Connection closed with fd=5  ../areospike_app/aero_tcp.c|app_ep_stack__tcp_close_client|148
[C]15-10-2024:07:39:04:553431|TCP Server: Accepted New SocketFD=7 client=0x7f6bbc000b60  ../areospike_app/aero_tcp.c|app_ep_stack__server|544
[C]15-10-2024:07:39:04:553510|TCP Client: Starting Client Read Theaad with fd=7  ../areospike_app/aero_tcp.c|app_ep_stack__tcp_client|244
[C]15-10-2024:07:39:07:206715|TCP Server: Connection closed with fd=7  ../areospike_app/aero_tcp.c|app_ep_stack__tcp_close_client|148
[C]15-10-2024:07:39:17:555410|TCP Server: Accepted New SocketFD=5 client=0x7f6bbc000b60  ../areospike_app/aero_tcp.c|app_ep_stack__server|544
[C]15-10-2024:07:39:17:555472|TCP Client: Starting Client Read Theaad with fd=5  ../areospike_app/aero_tcp.c|app_ep_stack__tcp_client|244
[C]15-10-2024:07:39:18:974810|TCP Server: Connection closed with fd=5  ../areospike_app/aero_tcp.c|app_ep_stack__tcp_close_client|148
[C]15-10-2024:07:43:34:485162|TCP Server: Accepted New SocketFD=7 client=0x7f6bbc000b60  ../areospike_app/aero_tcp.c|app_ep_stack__server|544
[C]15-10-2024:07:43:34:485229|TCP Client: Starting Client Read Theaad with fd=7  ../areospike_app/aero_tcp.c|app_ep_stack__tcp_client|244
[C]15-10-2024:07:43:56:352191|received request with opc=1000  xmsg.id=20001  main.c|app_xidp__handle_request|481
[C]15-10-2024:07:43:56:352247|sentBytes=84 pos=84 len=84  main.c|app_aero__as_putx|865
[C]15-10-2024:07:44:08:402134|TCP Server: Connection closed with fd=7  ../areospike_app/aero_tcp.c|app_ep_stack__tcp_close_client|148
[C]15-10-2024:07:44:28:371365|TCP Server: Accepted New SocketFD=5 client=0x7f6bbc000b60  ../areospike_app/aero_tcp.c|app_ep_stack__server|544
[C]15-10-2024:07:44:28:371426|TCP Client: Starting Client Read Theaad with fd=5  ../areospike_app/aero_tcp.c|app_ep_stack__tcp_client|244
[C]15-10-2024:07:44:46:068971|received request with opc=1000  xmsg.id=20001  main.c|app_xidp__handle_request|481
[C]15-10-2024:07:44:46:069033|sentBytes=84 pos=84 len=84  main.c|app_aero__as_putx|865
[C]15-10-2024:07:48:46:240951|TCP Server: Connection closed with fd=5  ../areospike_app/aero_tcp.c|app_ep_stack__tcp_close_client|148
[C]15-10-2024:07:49:20:794010|TCP Server: Accepted New SocketFD=7 client=0x7f6bbc000b60  ../areospike_app/aero_tcp.c|app_ep_stack__server|544
[C]15-10-2024:07:49:20:794082|TCP Client: Starting Client Read Theaad with fd=7  ../areospike_app/aero_tcp.c|app_ep_stack__tcp_client|244
[C]15-10-2024:07:49:47:369892|received request with opc=1000  xmsg.id=20001  main.c|app_xidp__handle_request|481
[C]15-10-2024:07:49:47:369956|sentBytes=84 pos=84 len=84  main.c|app_aero__as_putx|865
[C]15-10-2024:07:52:09:229499|TCP Server: Connection closed with fd=7  ../areospike_app/aero_tcp.c|app_ep_stack__tcp_close_client|148
[C]15-10-2024:07:52:51:920929|TCP Server: Accepted New SocketFD=5 client=0x7f6bbc000b60  ../areospike_app/aero_tcp.c|app_ep_stack__server|544
[C]15-10-2024:07:52:51:920979|TCP Client: Starting Client Read Theaad with fd=5  ../areospike_app/aero_tcp.c|app_ep_stack__tcp_client|244
[C]15-10-2024:07:53:03:972750|received request with opc=1000  xmsg.id=20001  main.c|app_xidp__handle_request|481
[C]15-10-2024:07:53:03:972809|sentBytes=84 pos=84 len=84  main.c|app_aero__as_putx|865
[C]15-10-2024:07:56:26:934508|TCP Server: Connection closed with fd=5  ../areospike_app/aero_tcp.c|app_ep_stack__tcp_close_client|148
[C]15-10-2024:07:57:22:132465|TCP Server: Accepted New SocketFD=7 client=0x7f6bbc000b60  ../areospike_app/aero_tcp.c|app_ep_stack__server|544
[C]15-10-2024:07:57:22:132522|TCP Client: Starting Client Read Theaad with fd=7  ../areospike_app/aero_tcp.c|app_ep_stack__tcp_client|244
[C]15-10-2024:07:57:39:070649|received request with opc=1000  xmsg.id=20001  main.c|app_xidp__handle_request|481
[C]15-10-2024:07:57:39:070709|sentBytes=84 pos=84 len=84  main.c|app_aero__as_putx|865
[C]15-10-2024:07:58:47:086287|TCP Server: Connection closed with fd=7  ../areospike_app/aero_tcp.c|app_ep_stack__tcp_close_client|148
[C]15-10-2024:07:59:09:011351|TCP Server: Accepted New SocketFD=5 client=0x7f6bbc000b60  ../areospike_app/aero_tcp.c|app_ep_stack__server|544
[C]15-10-2024:07:59:09:011413|TCP Client: Starting Client Read Theaad with fd=5  ../areospike_app/aero_tcp.c|app_ep_stack__tcp_client|244
[C]15-10-2024:07:59:22:841296|received request with opc=1000  xmsg.id=20001  main.c|app_xidp__handle_request|481
[C]15-10-2024:07:59:22:841360|sentBytes=84 pos=84 len=84  main.c|app_aero__as_putx|865
[C]15-10-2024:07:59:38:917500|TCP Server: Connection closed with fd=5  ../areospike_app/aero_tcp.c|app_ep_stack__tcp_close_client|148
[C]15-10-2024:08:06:30:546235|TCP Server: Accepted New SocketFD=7 client=0x7f6bbc000b60  ../areospike_app/aero_tcp.c|app_ep_stack__server|544
[C]15-10-2024:08:06:30:546298|TCP Client: Starting Client Read Theaad with fd=7  ../areospike_app/aero_tcp.c|app_ep_stack__tcp_client|244
[C]15-10-2024:08:07:36:896154|received request with opc=1000  xmsg.id=20001  main.c|app_xidp__handle_request|481
[C]15-10-2024:08:07:36:896220|sentBytes=84 pos=84 len=84  main.c|app_aero__as_putx|865
[C]15-10-2024:08:07:49:822138|TCP Server: Connection closed with fd=7  ../areospike_app/aero_tcp.c|app_ep_stack__tcp_close_client|148
[C]15-10-2024:08:08:53:501130|TCP Server: Accepted New SocketFD=5 client=0x7f6bbc000b60  ../areospike_app/aero_tcp.c|app_ep_stack__server|544
[C]15-10-2024:08:08:53:501186|TCP Client: Starting Client Read Theaad with fd=5  ../areospike_app/aero_tcp.c|app_ep_stack__tcp_client|244
[C]15-10-2024:08:09:33:600709|received request with opc=1000  xmsg.id=20001  main.c|app_xidp__handle_request|481
[C]15-10-2024:08:09:33:600767|sentBytes=84 pos=84 len=84  main.c|app_aero__as_putx|865
[C]15-10-2024:09:19:36:487748|TCP Server: Connection closed with fd=5  ../areospike_app/aero_tcp.c|app_ep_stack__tcp_close_client|148
[C]15-10-2024:09:21:50:142770|TCP Server: Accepted New SocketFD=7 client=0x7f6bbc000b60  ../areospike_app/aero_tcp.c|app_ep_stack__server|544
[C]15-10-2024:09:21:50:142845|TCP Client: Starting Client Read Theaad with fd=7  ../areospike_app/aero_tcp.c|app_ep_stack__tcp_client|244
[C]15-10-2024:09:23:26:318315|TCP Server: Connection closed with fd=7  ../areospike_app/aero_tcp.c|app_ep_stack__tcp_close_client|148
[C]15-10-2024:09:23:40:679913|TCP Server: Accepted New SocketFD=5 client=0x7f6bbc000b60  ../areospike_app/aero_tcp.c|app_ep_stack__server|544
[C]15-10-2024:09:23:40:679983|TCP Client: Starting Client Read Theaad with fd=5  ../areospike_app/aero_tcp.c|app_ep_stack__tcp_client|244
[C]15-10-2024:09:24:06:620047|received request with opc=1000  xmsg.id=20001  main.c|app_xidp__handle_request|481
[C]15-10-2024:09:24:06:620115|sentBytes=84 pos=84 len=84  main.c|app_aero__as_putx|865
[C]15-10-2024:09:31:32:691459|TCP Server: Connection closed with fd=5  ../areospike_app/aero_tcp.c|app_ep_stack__tcp_close_client|148
[C]15-10-2024:09:31:49:609519|TCP Server: Accepted New SocketFD=7 client=0x7f6bbc000b60  ../areospike_app/aero_tcp.c|app_ep_stack__server|544
[C]15-10-2024:09:31:49:609584|TCP Client: Starting Client Read Theaad with fd=7  ../areospike_app/aero_tcp.c|app_ep_stack__tcp_client|244
[C]15-10-2024:09:32:12:381193|received request with opc=1000  xmsg.id=20001  main.c|app_xidp__handle_request|481
[C]15-10-2024:09:32:12:381251|sentBytes=84 pos=84 len=84  main.c|app_aero__as_putx|865
[C]15-10-2024:09:32:23:899715|TCP Server: Connection closed with fd=7  ../areospike_app/aero_tcp.c|app_ep_stack__tcp_close_client|148
[C]15-10-2024:09:38:08:615436|TCP Server: Accepted New SocketFD=5 client=0x7f6bbc000b60  ../areospike_app/aero_tcp.c|app_ep_stack__server|544
[C]15-10-2024:09:38:08:615504|TCP Client: Starting Client Read Theaad with fd=5  ../areospike_app/aero_tcp.c|app_ep_stack__tcp_client|244
[C]15-10-2024:09:39:06:004828|received request with opc=1000  xmsg.id=20001  main.c|app_xidp__handle_request|481
[C]15-10-2024:09:39:06:004885|sentBytes=84 pos=84 len=84  main.c|app_aero__as_putx|865
[C]15-10-2024:09:39:48:111141|TCP Server: Connection closed with fd=5  ../areospike_app/aero_tcp.c|app_ep_stack__tcp_close_client|148
[C]15-10-2024:09:55:12:815882|TCP Server: Accepted New SocketFD=7 client=0x7f6bbc000b60  ../areospike_app/aero_tcp.c|app_ep_stack__server|544
[C]15-10-2024:09:55:12:815940|TCP Client: Starting Client Read Theaad with fd=7  ../areospike_app/aero_tcp.c|app_ep_stack__tcp_client|244
[C]15-10-2024:09:56:37:686209|received request with opc=1000  xmsg.id=20001  main.c|app_xidp__handle_request|481
[C]15-10-2024:09:56:37:686274|sentBytes=84 pos=84 len=84  main.c|app_aero__as_putx|865
[C]15-10-2024:10:07:58:096128|TCP Server: Connection closed with fd=7  ../areospike_app/aero_tcp.c|app_ep_stack__tcp_close_client|148
[C]15-10-2024:10:08:13:383594|TCP Server: Accepted New SocketFD=5 client=0x7f6bbc000b60  ../areospike_app/aero_tcp.c|app_ep_stack__server|544
[C]15-10-2024:10:08:13:383657|TCP Client: Starting Client Read Theaad with fd=5  ../areospike_app/aero_tcp.c|app_ep_stack__tcp_client|244
[C]15-10-2024:10:08:57:189052|received request with opc=1000  xmsg.id=20001  main.c|app_xidp__handle_request|481
[C]15-10-2024:10:08:57:189115|sentBytes=84 pos=84 len=84  main.c|app_aero__as_putx|865
[C]15-10-2024:10:09:32:664087|TCP Server: Connection closed with fd=5  ../areospike_app/aero_tcp.c|app_ep_stack__tcp_close_client|148
[C]15-10-2024:10:21:14:792892|TCP Server: Accepted New SocketFD=7 client=0x7f6bbc000b60  ../areospike_app/aero_tcp.c|app_ep_stack__server|544
[C]15-10-2024:10:21:14:792940|TCP Client: Starting Client Read Theaad with fd=7  ../areospike_app/aero_tcp.c|app_ep_stack__tcp_client|244
[C]15-10-2024:10:21:40:900579|received request with opc=1000  xmsg.id=20001  main.c|app_xidp__handle_request|481
[C]15-10-2024:10:21:40:900637|sentBytes=84 pos=84 len=84  main.c|app_aero__as_putx|865
[C]15-10-2024:10:22:04:460872|TCP Server: Connection closed with fd=7  ../areospike_app/aero_tcp.c|app_ep_stack__tcp_close_client|148
[C]15-10-2024:10:23:51:107145|TCP Server: Accepted New SocketFD=5 client=0x7f6bbc000b60  ../areospike_app/aero_tcp.c|app_ep_stack__server|544
[C]15-10-2024:10:23:51:107213|TCP Client: Starting Client Read Theaad with fd=5  ../areospike_app/aero_tcp.c|app_ep_stack__tcp_client|244
[C]15-10-2024:10:24:28:215683|TCP Server: Connection closed with fd=5  ../areospike_app/aero_tcp.c|app_ep_stack__tcp_close_client|148
[C]15-10-2024:10:24:50:460748|TCP Server: Accepted New SocketFD=7 client=0x7f6bbc000b60  ../areospike_app/aero_tcp.c|app_ep_stack__server|544
[C]15-10-2024:10:24:50:460804|TCP Client: Starting Client Read Theaad with fd=7  ../areospike_app/aero_tcp.c|app_ep_stack__tcp_client|244
[C]15-10-2024:10:25:05:804515|received request with opc=1000  xmsg.id=20001  main.c|app_xidp__handle_request|481
[C]15-10-2024:10:25:05:804579|sentBytes=84 pos=84 len=84  main.c|app_aero__as_putx|865
[C]15-10-2024:10:25:11:987783|TCP Server: Connection closed with fd=7  ../areospike_app/aero_tcp.c|app_ep_stack__tcp_close_client|148
[C]15-10-2024:10:28:01:481293|TCP Server: Accepted New SocketFD=5 client=0x7f6bbc000b60  ../areospike_app/aero_tcp.c|app_ep_stack__server|544
[C]15-10-2024:10:28:01:481368|TCP Client: Starting Client Read Theaad with fd=5  ../areospike_app/aero_tcp.c|app_ep_stack__tcp_client|244
[C]15-10-2024:10:28:25:863606|received request with opc=1000  xmsg.id=20001  main.c|app_xidp__handle_request|481
[C]15-10-2024:10:28:25:863672|sentBytes=84 pos=84 len=84  main.c|app_aero__as_putx|865
[C]15-10-2024:10:28:45:499864|TCP Server: Connection closed with fd=5  ../areospike_app/aero_tcp.c|app_ep_stack__tcp_close_client|148
[C]15-10-2024:10:30:54:248827|TCP Server: Accepted New SocketFD=7 client=0x7f6bbc000b60  ../areospike_app/aero_tcp.c|app_ep_stack__server|544
[C]15-10-2024:10:30:54:248892|TCP Client: Starting Client Read Theaad with fd=7  ../areospike_app/aero_tcp.c|app_ep_stack__tcp_client|244
[C]15-10-2024:10:31:10:088293|received request with opc=1000  xmsg.id=20001  main.c|app_xidp__handle_request|481
[C]15-10-2024:10:31:10:088361|sentBytes=84 pos=84 len=84  main.c|app_aero__as_putx|865
[C]15-10-2024:10:31:20:673160|TCP Server: Connection closed with fd=7  ../areospike_app/aero_tcp.c|app_ep_stack__tcp_close_client|148
[C]15-10-2024:10:35:26:081709|TCP Server: Accepted New SocketFD=5 client=0x7f6bbc000b60  ../areospike_app/aero_tcp.c|app_ep_stack__server|544
[C]15-10-2024:10:35:26:081794|TCP Client: Starting Client Read Theaad with fd=5  ../areospike_app/aero_tcp.c|app_ep_stack__tcp_client|244
[C]15-10-2024:10:35:58:658503|received request with opc=1000  xmsg.id=20001  main.c|app_xidp__handle_request|481
[C]15-10-2024:10:35:58:658567|sentBytes=84 pos=84 len=84  main.c|app_aero__as_putx|865
[C]15-10-2024:10:36:09:307879|TCP Server: Connection closed with fd=5  ../areospike_app/aero_tcp.c|app_ep_stack__tcp_close_client|148
[C]15-10-2024:10:46:54:592501|TCP Server: Accepted New SocketFD=7 client=0x7f6bbc000b60  ../areospike_app/aero_tcp.c|app_ep_stack__server|544
[C]15-10-2024:10:46:54:592568|TCP Client: Starting Client Read Theaad with fd=7  ../areospike_app/aero_tcp.c|app_ep_stack__tcp_client|244
[C]15-10-2024:10:48:38:525638|received request with opc=1000  xmsg.id=20001  main.c|app_xidp__handle_request|481
[C]15-10-2024:10:48:38:525697|sentBytes=84 pos=84 len=84  main.c|app_aero__as_putx|865
[C]15-10-2024:10:48:45:438824|TCP Server: Connection closed with fd=7  ../areospike_app/aero_tcp.c|app_ep_stack__tcp_close_client|148
[C]15-10-2024:10:52:02:139998|TCP Server: Accepted New SocketFD=5 client=0x7f6bbc000b60  ../areospike_app/aero_tcp.c|app_ep_stack__server|544
[C]15-10-2024:10:52:02:140064|TCP Client: Starting Client Read Theaad with fd=5  ../areospike_app/aero_tcp.c|app_ep_stack__tcp_client|244
[C]15-10-2024:10:52:18:249290|received request with opc=1000  xmsg.id=20001  main.c|app_xidp__handle_request|481
[C]15-10-2024:10:52:18:249359|sentBytes=84 pos=84 len=84  main.c|app_aero__as_putx|865
[C]15-10-2024:10:52:23:780673|TCP Server: Connection closed with fd=5  ../areospike_app/aero_tcp.c|app_ep_stack__tcp_close_client|148
[C]15-10-2024:11:10:13:628465|TCP Server: Accepted New SocketFD=7 client=0x7f6bbc000b60  ../areospike_app/aero_tcp.c|app_ep_stack__server|544
[C]15-10-2024:11:10:13:628528|TCP Client: Starting Client Read Theaad with fd=7  ../areospike_app/aero_tcp.c|app_ep_stack__tcp_client|244
[C]15-10-2024:11:10:36:199932|received request with opc=1000  xmsg.id=20001  main.c|app_xidp__handle_request|481
[C]15-10-2024:11:10:36:199998|sentBytes=84 pos=84 len=84  main.c|app_aero__as_putx|865
[C]15-10-2024:11:10:52:606635|TCP Server: Connection closed with fd=7  ../areospike_app/aero_tcp.c|app_ep_stack__tcp_close_client|148
[C]15-10-2024:11:12:06:093281|TCP Server: Accepted New SocketFD=5 client=0x7f6bbc000b60  ../areospike_app/aero_tcp.c|app_ep_stack__server|544
[C]15-10-2024:11:12:06:093331|TCP Client: Starting Client Read Theaad with fd=5  ../areospike_app/aero_tcp.c|app_ep_stack__tcp_client|244
[C]15-10-2024:11:12:23:274573|received request with opc=1000  xmsg.id=20001  main.c|app_xidp__handle_request|481
[C]15-10-2024:11:12:23:274646|sentBytes=84 pos=84 len=84  main.c|app_aero__as_putx|865
[C]15-10-2024:11:12:41:660344|TCP Server: Connection closed with fd=5  ../areospike_app/aero_tcp.c|app_ep_stack__tcp_close_client|148
[C]15-10-2024:11:14:38:445676|TCP Server: Accepted New SocketFD=7 client=0x7f6bbc000b60  ../areospike_app/aero_tcp.c|app_ep_stack__server|544
[C]15-10-2024:11:14:38:445731|TCP Client: Starting Client Read Theaad with fd=7  ../areospike_app/aero_tcp.c|app_ep_stack__tcp_client|244
[C]15-10-2024:11:14:55:795808|received request with opc=1000  xmsg.id=20001  main.c|app_xidp__handle_request|481
[C]15-10-2024:11:14:55:795870|sentBytes=84 pos=84 len=84  main.c|app_aero__as_putx|865
[C]15-10-2024:11:15:19:397978|TCP Server: Connection closed with fd=7  ../areospike_app/aero_tcp.c|app_ep_stack__tcp_close_client|148
[C]15-10-2024:11:34:00:086766|TCP Server: Accepted New SocketFD=5 client=0x7f6bbc000b60  ../areospike_app/aero_tcp.c|app_ep_stack__server|544
[C]15-10-2024:11:34:00:086828|TCP Client: Starting Client Read Theaad with fd=5  ../areospike_app/aero_tcp.c|app_ep_stack__tcp_client|244
[C]15-10-2024:11:34:26:864092|received request with opc=1000  xmsg.id=20001  main.c|app_xidp__handle_request|481
[C]15-10-2024:11:34:26:864156|sentBytes=84 pos=84 len=84  main.c|app_aero__as_putx|865
[C]15-10-2024:11:34:39:960905|TCP Server: Connection closed with fd=5  ../areospike_app/aero_tcp.c|app_ep_stack__tcp_close_client|148
[C]15-10-2024:12:24:33:627313|TCP Server: Accepted New SocketFD=7 client=0x7f6bbc000b60  ../areospike_app/aero_tcp.c|app_ep_stack__server|544
[C]15-10-2024:12:24:33:627380|TCP Client: Starting Client Read Theaad with fd=7  ../areospike_app/aero_tcp.c|app_ep_stack__tcp_client|244
[C]15-10-2024:12:24:58:212224|received request with opc=1000  xmsg.id=20001  main.c|app_xidp__handle_request|481
[C]15-10-2024:12:24:58:212289|sentBytes=84 pos=84 len=84  main.c|app_aero__as_putx|865
[C]15-10-2024:12:28:19:824286|TCP Server: Connection closed with fd=7  ../areospike_app/aero_tcp.c|app_ep_stack__tcp_close_client|148
[C]15-10-2024:12:29:09:799875|TCP Server: Accepted New SocketFD=5 client=0x7f6bbc000b60  ../areospike_app/aero_tcp.c|app_ep_stack__server|544
[C]15-10-2024:12:29:09:799932|TCP Client: Starting Client Read Theaad with fd=5  ../areospike_app/aero_tcp.c|app_ep_stack__tcp_client|244
[C]15-10-2024:12:29:37:521152|received request with opc=1000  xmsg.id=20001  main.c|app_xidp__handle_request|481
[C]15-10-2024:12:29:37:521224|sentBytes=84 pos=84 len=84  main.c|app_aero__as_putx|865
[C]15-10-2024:12:30:00:637323|TCP Server: Connection closed with fd=5  ../areospike_app/aero_tcp.c|app_ep_stack__tcp_close_client|148
[C]15-10-2024:12:32:52:953264|TCP Server: Accepted New SocketFD=7 client=0x7f6bbc000b60  ../areospike_app/aero_tcp.c|app_ep_stack__server|544
[C]15-10-2024:12:32:52:953331|TCP Client: Starting Client Read Theaad with fd=7  ../areospike_app/aero_tcp.c|app_ep_stack__tcp_client|244
[C]15-10-2024:12:32:53:744407|TCP Server: Connection closed with fd=7  ../areospike_app/aero_tcp.c|app_ep_stack__tcp_close_client|148
[C]15-10-2024:12:33:14:219424|TCP Server: Accepted New SocketFD=5 client=0x7f6bbc000b60  ../areospike_app/aero_tcp.c|app_ep_stack__server|544
[C]15-10-2024:12:33:14:219485|TCP Client: Starting Client Read Theaad with fd=5  ../areospike_app/aero_tcp.c|app_ep_stack__tcp_client|244
[C]15-10-2024:12:33:38:471190|received request with opc=1000  xmsg.id=20001  main.c|app_xidp__handle_request|481
[C]15-10-2024:12:33:38:471261|sentBytes=84 pos=84 len=84  main.c|app_aero__as_putx|865
[C]15-10-2024:12:34:03:423756|TCP Server: Connection closed with fd=5  ../areospike_app/aero_tcp.c|app_ep_stack__tcp_close_client|148
[C]15-10-2024:13:18:10:128169|TCP Server: Accepted New SocketFD=7 client=0x7f6bbc000b60  ../areospike_app/aero_tcp.c|app_ep_stack__server|544
[C]15-10-2024:13:18:10:128239|TCP Client: Starting Client Read Theaad with fd=7  ../areospike_app/aero_tcp.c|app_ep_stack__tcp_client|244
[C]15-10-2024:13:18:24:162490|received request with opc=1000  xmsg.id=20001  main.c|app_xidp__handle_request|481
[C]15-10-2024:13:18:24:162555|sentBytes=84 pos=84 len=84  main.c|app_aero__as_putx|865
[C]15-10-2024:13:18:36:873102|TCP Server: Connection closed with fd=7  ../areospike_app/aero_tcp.c|app_ep_stack__tcp_close_client|148
[C]15-10-2024:13:34:34:520500|TCP Server: Accepted New SocketFD=5 client=0x7f6bbc000b60  ../areospike_app/aero_tcp.c|app_ep_stack__server|544
[C]15-10-2024:13:34:34:520553|TCP Client: Starting Client Read Theaad with fd=5  ../areospike_app/aero_tcp.c|app_ep_stack__tcp_client|244
[C]15-10-2024:13:35:14:766119|received request with opc=1000  xmsg.id=20001  main.c|app_xidp__handle_request|481
[C]15-10-2024:13:35:14:766185|sentBytes=84 pos=84 len=84  main.c|app_aero__as_putx|865
[C]15-10-2024:13:35:30:862413|TCP Server: Connection closed with fd=5  ../areospike_app/aero_tcp.c|app_ep_stack__tcp_close_client|148
[C]15-10-2024:13:37:33:868195|TCP Server: Accepted New SocketFD=7 client=0x7f6bbc000b60  ../areospike_app/aero_tcp.c|app_ep_stack__server|544
[C]15-10-2024:13:37:33:868268|TCP Client: Starting Client Read Theaad with fd=7  ../areospike_app/aero_tcp.c|app_ep_stack__tcp_client|244
[C]15-10-2024:13:38:06:560414|received request with opc=1000  xmsg.id=20001  main.c|app_xidp__handle_request|481
[C]15-10-2024:13:38:06:560477|sentBytes=84 pos=84 len=84  main.c|app_aero__as_putx|865
[C]15-10-2024:13:38:14:692737|TCP Server: Connection closed with fd=7  ../areospike_app/aero_tcp.c|app_ep_stack__tcp_close_client|148
[C]15-10-2024:13:49:44:009677|TCP Server: Accepted New SocketFD=5 client=0x7f6bbc000b60  ../areospike_app/aero_tcp.c|app_ep_stack__server|544
[C]15-10-2024:13:49:44:009737|TCP Client: Starting Client Read Theaad with fd=5  ../areospike_app/aero_tcp.c|app_ep_stack__tcp_client|244
[C]15-10-2024:13:50:08:384582|received request with opc=1000  xmsg.id=20001  main.c|app_xidp__handle_request|481
[C]15-10-2024:13:50:08:384643|sentBytes=84 pos=84 len=84  main.c|app_aero__as_putx|865
[C]15-10-2024:13:50:17:989792|TCP Server: Connection closed with fd=5  ../areospike_app/aero_tcp.c|app_ep_stack__tcp_close_client|148
[C]15-10-2024:13:51:24:585492|TCP Server: Accepted New SocketFD=7 client=0x7f6bbc000b60  ../areospike_app/aero_tcp.c|app_ep_stack__server|544
[C]15-10-2024:13:51:24:585568|TCP Client: Starting Client Read Theaad with fd=7  ../areospike_app/aero_tcp.c|app_ep_stack__tcp_client|244
[C]15-10-2024:13:51:48:024081|received request with opc=1000  xmsg.id=20001  main.c|app_xidp__handle_request|481
[C]15-10-2024:13:51:48:024151|sentBytes=84 pos=84 len=84  main.c|app_aero__as_putx|865
[C]15-10-2024:13:51:58:577375|TCP Server: Connection closed with fd=7  ../areospike_app/aero_tcp.c|app_ep_stack__tcp_close_client|148
[C]15-10-2024:13:59:16:303077|TCP Server: Accepted New SocketFD=5 client=0x7f6bbc000b60  ../areospike_app/aero_tcp.c|app_ep_stack__server|544
[C]15-10-2024:13:59:16:303146|TCP Client: Starting Client Read Theaad with fd=5  ../areospike_app/aero_tcp.c|app_ep_stack__tcp_client|244
[C]15-10-2024:13:59:30:068386|received request with opc=1000  xmsg.id=20001  main.c|app_xidp__handle_request|481
[C]15-10-2024:13:59:30:068428|sentBytes=84 pos=84 len=84  main.c|app_aero__as_putx|865
[C]15-10-2024:13:59:42:874710|TCP Server: Connection closed with fd=5  ../areospike_app/aero_tcp.c|app_ep_stack__tcp_close_client|148
[C]15-10-2024:14:01:42:481221|TCP Server: Accepted New SocketFD=7 client=0x7f6bbc000b60  ../areospike_app/aero_tcp.c|app_ep_stack__server|544
[C]15-10-2024:14:01:42:481294|TCP Client: Starting Client Read Theaad with fd=7  ../areospike_app/aero_tcp.c|app_ep_stack__tcp_client|244
[C]15-10-2024:14:01:52:483048|received request with opc=1000  xmsg.id=20001  main.c|app_xidp__handle_request|481
[C]15-10-2024:14:01:52:483116|sentBytes=84 pos=84 len=84  main.c|app_aero__as_putx|865
[C]15-10-2024:14:02:03:120983|TCP Server: Connection closed with fd=7  ../areospike_app/aero_tcp.c|app_ep_stack__tcp_close_client|148
[C]15-10-2024:14:04:38:403168|TCP Server: Accepted New SocketFD=5 client=0x7f6bbc000b60  ../areospike_app/aero_tcp.c|app_ep_stack__server|544
[C]15-10-2024:14:04:38:403267|TCP Client: Starting Client Read Theaad with fd=5  ../areospike_app/aero_tcp.c|app_ep_stack__tcp_client|244
[C]15-10-2024:14:05:00:776881|received request with opc=1000  xmsg.id=20001  main.c|app_xidp__handle_request|481
[C]15-10-2024:14:05:00:776953|sentBytes=84 pos=84 len=84  main.c|app_aero__as_putx|865
[C]15-10-2024:14:05:27:131802|TCP Server: Connection closed with fd=5  ../areospike_app/aero_tcp.c|app_ep_stack__tcp_close_client|148
[C]15-10-2024:16:10:53:505092|TCP Server: Accepted New SocketFD=7 client=0x7f6bbc000b60  ../areospike_app/aero_tcp.c|app_ep_stack__server|544
[C]15-10-2024:16:10:53:505155|TCP Client: Starting Client Read Theaad with fd=7  ../areospike_app/aero_tcp.c|app_ep_stack__tcp_client|244
[C]15-10-2024:16:11:26:615313|received request with opc=1000  xmsg.id=20001  main.c|app_xidp__handle_request|481
[C]15-10-2024:16:11:26:615379|sentBytes=84 pos=84 len=84  main.c|app_aero__as_putx|865
[C]15-10-2024:16:11:45:395638|TCP Server: Connection closed with fd=7  ../areospike_app/aero_tcp.c|app_ep_stack__tcp_close_client|148
[C]15-10-2024:16:36:42:852867|TCP Server: Accepted New SocketFD=5 client=0x7f6bbc000b60  ../areospike_app/aero_tcp.c|app_ep_stack__server|544
[C]15-10-2024:16:36:42:852930|TCP Client: Starting Client Read Theaad with fd=5  ../areospike_app/aero_tcp.c|app_ep_stack__tcp_client|244
[C]15-10-2024:16:37:13:073050|received request with opc=1000  xmsg.id=20001  main.c|app_xidp__handle_request|481
[C]15-10-2024:16:37:13:073214|sentBytes=84 pos=84 len=84  main.c|app_aero__as_putx|865
[C]15-10-2024:16:37:43:461277|TCP Server: Connection closed with fd=5  ../areospike_app/aero_tcp.c|app_ep_stack__tcp_close_client|148
[C]15-10-2024:16:40:52:120593|TCP Server: Accepted New SocketFD=7 client=0x7f6bbc000b60  ../areospike_app/aero_tcp.c|app_ep_stack__server|544
[C]15-10-2024:16:40:52:120652|TCP Client: Starting Client Read Theaad with fd=7  ../areospike_app/aero_tcp.c|app_ep_stack__tcp_client|244
[C]15-10-2024:16:41:10:995059|received request with opc=1000  xmsg.id=20001  main.c|app_xidp__handle_request|481
[C]15-10-2024:16:41:10:995120|sentBytes=84 pos=84 len=84  main.c|app_aero__as_putx|865
[C]15-10-2024:16:41:11:179293|TCP Server: Connection closed with fd=7  ../areospike_app/aero_tcp.c|app_ep_stack__tcp_close_client|148
[C]15-10-2024:16:42:41:218707|TCP Server: Accepted New SocketFD=5 client=0x7f6bbc000b60  ../areospike_app/aero_tcp.c|app_ep_stack__server|544
[C]15-10-2024:16:42:41:218780|TCP Client: Starting Client Read Theaad with fd=5  ../areospike_app/aero_tcp.c|app_ep_stack__tcp_client|244
[C]15-10-2024:16:42:58:664289|received request with opc=1000  xmsg.id=20001  main.c|app_xidp__handle_request|481
[C]15-10-2024:16:42:58:664356|sentBytes=84 pos=84 len=84  main.c|app_aero__as_putx|865
[C]15-10-2024:16:43:01:410825|TCP Server: Connection closed with fd=5  ../areospike_app/aero_tcp.c|app_ep_stack__tcp_close_client|148
[C]15-10-2024:16:46:19:245639|TCP Server: Accepted New SocketFD=7 client=0x7f6bbc000b60  ../areospike_app/aero_tcp.c|app_ep_stack__server|544
[C]15-10-2024:16:46:19:245703|TCP Client: Starting Client Read Theaad with fd=7  ../areospike_app/aero_tcp.c|app_ep_stack__tcp_client|244
[C]15-10-2024:16:46:38:807206|received request with opc=1000  xmsg.id=20001  main.c|app_xidp__handle_request|481
[C]15-10-2024:16:46:38:807284|sentBytes=84 pos=84 len=84  main.c|app_aero__as_putx|865
[C]15-10-2024:16:46:58:737177|TCP Server: Connection closed with fd=7  ../areospike_app/aero_tcp.c|app_ep_stack__tcp_close_client|148
[C]15-10-2024:16:51:47:410567|TCP Server: Accepted New SocketFD=5 client=0x7f6bbc000b60  ../areospike_app/aero_tcp.c|app_ep_stack__server|544
[C]15-10-2024:16:51:47:410715|TCP Client: Starting Client Read Theaad with fd=5  ../areospike_app/aero_tcp.c|app_ep_stack__tcp_client|244
[C]15-10-2024:16:52:02:945402|received request with opc=1000  xmsg.id=20001  main.c|app_xidp__handle_request|481
[C]15-10-2024:16:52:02:945481|sentBytes=84 pos=84 len=84  main.c|app_aero__as_putx|865
[C]15-10-2024:16:52:10:866955|TCP Server: Connection closed with fd=5  ../areospike_app/aero_tcp.c|app_ep_stack__tcp_close_client|148
[C]15-10-2024:16:54:17:335501|TCP Server: Accepted New SocketFD=7 client=0x7f6bbc000b60  ../areospike_app/aero_tcp.c|app_ep_stack__server|544
[C]15-10-2024:16:54:17:335554|TCP Client: Starting Client Read Theaad with fd=7  ../areospike_app/aero_tcp.c|app_ep_stack__tcp_client|244
[C]15-10-2024:16:54:33:509425|received request with opc=1000  xmsg.id=20001  main.c|app_xidp__handle_request|481
[C]15-10-2024:16:54:33:509521|sentBytes=84 pos=84 len=84  main.c|app_aero__as_putx|865
[C]15-10-2024:16:57:29:375627|TCP Server: Connection closed with fd=7  ../areospike_app/aero_tcp.c|app_ep_stack__tcp_close_client|148
[C]15-10-2024:16:57:55:545716|TCP Server: Accepted New SocketFD=5 client=0x7f6bbc000b60  ../areospike_app/aero_tcp.c|app_ep_stack__server|544
[C]15-10-2024:16:57:55:545764|TCP Client: Starting Client Read Theaad with fd=5  ../areospike_app/aero_tcp.c|app_ep_stack__tcp_client|244
[C]15-10-2024:16:58:11:627929|received request with opc=1000  xmsg.id=20001  main.c|app_xidp__handle_request|481
[C]15-10-2024:16:58:11:628018|sentBytes=84 pos=84 len=84  main.c|app_aero__as_putx|865
[C]15-10-2024:16:58:17:768775|TCP Server: Connection closed with fd=5  ../areospike_app/aero_tcp.c|app_ep_stack__tcp_close_client|148
[C]15-10-2024:17:34:54:548410|TCP Server: Accepted New SocketFD=7 client=0x7f6bbc000b60  ../areospike_app/aero_tcp.c|app_ep_stack__server|544
[C]15-10-2024:17:34:54:548468|TCP Client: Starting Client Read Theaad with fd=7  ../areospike_app/aero_tcp.c|app_ep_stack__tcp_client|244
[C]15-10-2024:17:35:22:635162|received request with opc=1000  xmsg.id=20001  main.c|app_xidp__handle_request|481
[C]15-10-2024:17:35:22:635229|sentBytes=84 pos=84 len=84  main.c|app_aero__as_putx|865
[C]15-10-2024:17:35:32:934568|TCP Server: Connection closed with fd=7  ../areospike_app/aero_tcp.c|app_ep_stack__tcp_close_client|148
[C]15-10-2024:17:40:00:827663|TCP Server: Accepted New SocketFD=5 client=0x7f6bbc000b60  ../areospike_app/aero_tcp.c|app_ep_stack__server|544
[C]15-10-2024:17:40:00:827747|TCP Client: Starting Client Read Theaad with fd=5  ../areospike_app/aero_tcp.c|app_ep_stack__tcp_client|244
[C]15-10-2024:17:40:20:421542|received request with opc=1000  xmsg.id=20001  main.c|app_xidp__handle_request|481
[C]15-10-2024:17:40:20:421608|sentBytes=84 pos=84 len=84  main.c|app_aero__as_putx|865
[C]15-10-2024:17:40:35:092863|TCP Server: Connection closed with fd=5  ../areospike_app/aero_tcp.c|app_ep_stack__tcp_close_client|148
[C]15-10-2024:17:45:29:717139|TCP Server: Accepted New SocketFD=7 client=0x7f6bbc000b60  ../areospike_app/aero_tcp.c|app_ep_stack__server|544
[C]15-10-2024:17:45:29:717685|TCP Client: Starting Client Read Theaad with fd=7  ../areospike_app/aero_tcp.c|app_ep_stack__tcp_client|244
[C]15-10-2024:17:45:59:056527|received request with opc=1000  xmsg.id=20001  main.c|app_xidp__handle_request|481
[C]15-10-2024:17:45:59:056590|sentBytes=84 pos=84 len=84  main.c|app_aero__as_putx|865
[C]15-10-2024:17:54:14:832667|TCP Server: Connection closed with fd=7  ../areospike_app/aero_tcp.c|app_ep_stack__tcp_close_client|148
[C]15-10-2024:17:54:54:779585|TCP Server: Accepted New SocketFD=5 client=0x7f6bbc000b60  ../areospike_app/aero_tcp.c|app_ep_stack__server|544
[C]15-10-2024:17:54:54:779647|TCP Client: Starting Client Read Theaad with fd=5  ../areospike_app/aero_tcp.c|app_ep_stack__tcp_client|244
[C]15-10-2024:17:55:19:305093|received request with opc=1000  xmsg.id=20001  main.c|app_xidp__handle_request|481
[C]15-10-2024:17:55:19:305163|sentBytes=84 pos=84 len=84  main.c|app_aero__as_putx|865
[C]15-10-2024:17:55:37:931577|TCP Server: Connection closed with fd=5  ../areospike_app/aero_tcp.c|app_ep_stack__tcp_close_client|148
[C]15-10-2024:18:06:35:817135|TCP Server: Accepted New SocketFD=7 client=0x7f6bbc000b60  ../areospike_app/aero_tcp.c|app_ep_stack__server|544
[C]15-10-2024:18:06:35:817191|TCP Client: Starting Client Read Theaad with fd=7  ../areospike_app/aero_tcp.c|app_ep_stack__tcp_client|244
[C]15-10-2024:18:07:10:413132|received request with opc=1000  xmsg.id=20001  main.c|app_xidp__handle_request|481
[C]15-10-2024:18:07:10:413205|sentBytes=84 pos=84 len=84  main.c|app_aero__as_putx|865
[C]15-10-2024:18:07:18:604278|TCP Server: Connection closed with fd=7  ../areospike_app/aero_tcp.c|app_ep_stack__tcp_close_client|148
[C]15-10-2024:18:19:20:272460|TCP Server: Accepted New SocketFD=5 client=0x7f6bbc000b60  ../areospike_app/aero_tcp.c|app_ep_stack__server|544
[C]15-10-2024:18:19:20:272530|TCP Client: Starting Client Read Theaad with fd=5  ../areospike_app/aero_tcp.c|app_ep_stack__tcp_client|244
[C]15-10-2024:18:19:41:486148|received request with opc=1000  xmsg.id=20001  main.c|app_xidp__handle_request|481
[C]15-10-2024:18:19:41:486209|sentBytes=84 pos=84 len=84  main.c|app_aero__as_putx|865
[C]15-10-2024:18:19:51:947891|TCP Server: Connection closed with fd=5  ../areospike_app/aero_tcp.c|app_ep_stack__tcp_close_client|148
[C]15-10-2024:20:19:14:038613|TCP Server: Accepted New SocketFD=7 client=0x7f6bbc000b60  ../areospike_app/aero_tcp.c|app_ep_stack__server|544
[C]15-10-2024:20:19:14:038675|TCP Client: Starting Client Read Theaad with fd=7  ../areospike_app/aero_tcp.c|app_ep_stack__tcp_client|244
[C]15-10-2024:20:19:40:263234|received request with opc=1000  xmsg.id=20001  main.c|app_xidp__handle_request|481
[C]15-10-2024:20:19:40:263297|sentBytes=84 pos=84 len=84  main.c|app_aero__as_putx|865
[C]15-10-2024:20:19:47:902745|TCP Server: Connection closed with fd=7  ../areospike_app/aero_tcp.c|app_ep_stack__tcp_close_client|148
[C]15-10-2024:20:27:56:266379|TCP Server: Accepted New SocketFD=5 client=0x7f6bbc000b60  ../areospike_app/aero_tcp.c|app_ep_stack__server|544
[C]15-10-2024:20:27:56:266446|TCP Client: Starting Client Read Theaad with fd=5  ../areospike_app/aero_tcp.c|app_ep_stack__tcp_client|244
[C]15-10-2024:20:28:32:138665|received request with opc=1000  xmsg.id=20001  main.c|app_xidp__handle_request|481
[C]15-10-2024:20:28:32:138736|sentBytes=84 pos=84 len=84  main.c|app_aero__as_putx|865
[C]15-10-2024:20:28:40:614757|TCP Server: Connection closed with fd=5  ../areospike_app/aero_tcp.c|app_ep_stack__tcp_close_client|148
[C]15-10-2024:21:00:31:584373|TCP Server: Accepted New SocketFD=7 client=0x7f6bbc000b60  ../areospike_app/aero_tcp.c|app_ep_stack__server|544
[C]15-10-2024:21:00:31:584428|TCP Client: Starting Client Read Theaad with fd=7  ../areospike_app/aero_tcp.c|app_ep_stack__tcp_client|244
[C]15-10-2024:21:00:48:116599|received request with opc=1000  xmsg.id=20001  main.c|app_xidp__handle_request|481
[C]15-10-2024:21:00:48:116661|sentBytes=84 pos=84 len=84  main.c|app_aero__as_putx|865
[C]15-10-2024:21:01:38:035057|TCP Server: Connection closed with fd=7  ../areospike_app/aero_tcp.c|app_ep_stack__tcp_close_client|148
[C]15-10-2024:21:15:48:606776|TCP Server: Accepted New SocketFD=5 client=0x7f6bbc000b60  ../areospike_app/aero_tcp.c|app_ep_stack__server|544
[C]15-10-2024:21:15:48:606845|TCP Client: Starting Client Read Theaad with fd=5  ../areospike_app/aero_tcp.c|app_ep_stack__tcp_client|244
[C]15-10-2024:21:16:08:546972|received request with opc=1000  xmsg.id=20001  main.c|app_xidp__handle_request|481
[C]15-10-2024:21:16:08:547038|sentBytes=84 pos=84 len=84  main.c|app_aero__as_putx|865
[C]15-10-2024:21:16:14:633361|TCP Server: Connection closed with fd=5  ../areospike_app/aero_tcp.c|app_ep_stack__tcp_close_client|148
[C]15-10-2024:21:18:50:426893|TCP Server: Accepted New SocketFD=7 client=0x7f6bbc000b60  ../areospike_app/aero_tcp.c|app_ep_stack__server|544
[C]15-10-2024:21:18:50:426986|TCP Client: Starting Client Read Theaad with fd=7  ../areospike_app/aero_tcp.c|app_ep_stack__tcp_client|244
[C]15-10-2024:21:19:09:491042|received request with opc=1000  xmsg.id=20001  main.c|app_xidp__handle_request|481
[C]15-10-2024:21:19:09:491099|sentBytes=84 pos=84 len=84  main.c|app_aero__as_putx|865
[C]15-10-2024:21:19:17:971024|TCP Server: Connection closed with fd=7  ../areospike_app/aero_tcp.c|app_ep_stack__tcp_close_client|148
[C]15-10-2024:21:20:46:613058|TCP Server: Accepted New SocketFD=5 client=0x7f6bbc000b60  ../areospike_app/aero_tcp.c|app_ep_stack__server|544
[C]15-10-2024:21:20:46:613129|TCP Client: Starting Client Read Theaad with fd=5  ../areospike_app/aero_tcp.c|app_ep_stack__tcp_client|244
[C]15-10-2024:21:21:04:595412|received request with opc=1000  xmsg.id=20001  main.c|app_xidp__handle_request|481
[C]15-10-2024:21:21:04:595471|sentBytes=84 pos=84 len=84  main.c|app_aero__as_putx|865
[C]15-10-2024:21:21:10:622958|TCP Server: Connection closed with fd=5  ../areospike_app/aero_tcp.c|app_ep_stack__tcp_close_client|148
[C]15-10-2024:21:24:24:413817|TCP Server: Accepted New SocketFD=7 client=0x7f6bbc000b60  ../areospike_app/aero_tcp.c|app_ep_stack__server|544
[C]15-10-2024:21:24:24:413866|TCP Client: Starting Client Read Theaad with fd=7  ../areospike_app/aero_tcp.c|app_ep_stack__tcp_client|244
[C]15-10-2024:21:24:38:455741|received request with opc=1000  xmsg.id=20001  main.c|app_xidp__handle_request|481
[C]15-10-2024:21:24:38:455801|sentBytes=84 pos=84 len=84  main.c|app_aero__as_putx|865
[C]15-10-2024:21:24:45:433340|TCP Server: Connection closed with fd=7  ../areospike_app/aero_tcp.c|app_ep_stack__tcp_close_client|148
[C]15-10-2024:21:27:52:019301|TCP Server: Accepted New SocketFD=5 client=0x7f6bbc000b60  ../areospike_app/aero_tcp.c|app_ep_stack__server|544
[C]15-10-2024:21:27:52:019368|TCP Client: Starting Client Read Theaad with fd=5  ../areospike_app/aero_tcp.c|app_ep_stack__tcp_client|244
[C]15-10-2024:21:28:07:099469|received request with opc=1000  xmsg.id=20001  main.c|app_xidp__handle_request|481
[C]15-10-2024:21:28:07:099525|sentBytes=84 pos=84 len=84  main.c|app_aero__as_putx|865
[C]15-10-2024:21:28:24:615911|TCP Server: Connection closed with fd=5  ../areospike_app/aero_tcp.c|app_ep_stack__tcp_close_client|148
[C]16-10-2024:08:18:39:019049|TCP Server: Accepted New SocketFD=7 client=0x7f6bbc000b60  ../areospike_app/aero_tcp.c|app_ep_stack__server|544
[C]16-10-2024:08:18:39:019111|TCP Client: Starting Client Read Theaad with fd=7  ../areospike_app/aero_tcp.c|app_ep_stack__tcp_client|244
[C]16-10-2024:08:19:13:673161|received request with opc=1000  xmsg.id=20001  main.c|app_xidp__handle_request|481
[C]16-10-2024:08:19:13:673226|sentBytes=84 pos=84 len=84  main.c|app_aero__as_putx|865
[C]16-10-2024:08:19:16:318655|TCP Server: Connection closed with fd=7  ../areospike_app/aero_tcp.c|app_ep_stack__tcp_close_client|148
[C]16-10-2024:08:24:07:364679|TCP Server: Accepted New SocketFD=5 client=0x7f6bbc000b60  ../areospike_app/aero_tcp.c|app_ep_stack__server|544
[C]16-10-2024:08:24:07:364724|TCP Client: Starting Client Read Theaad with fd=5  ../areospike_app/aero_tcp.c|app_ep_stack__tcp_client|244
[C]16-10-2024:08:24:39:531755|received request with opc=1000  xmsg.id=20001  main.c|app_xidp__handle_request|481
[C]16-10-2024:08:24:39:531825|sentBytes=84 pos=84 len=84  main.c|app_aero__as_putx|865
[C]16-10-2024:08:24:55:003399|TCP Server: Connection closed with fd=5  ../areospike_app/aero_tcp.c|app_ep_stack__tcp_close_client|148
[C]16-10-2024:08:35:55:358661|TCP Server: Accepted New SocketFD=7 client=0x7f6bbc000b60  ../areospike_app/aero_tcp.c|app_ep_stack__server|544
[C]16-10-2024:08:35:55:358717|TCP Client: Starting Client Read Theaad with fd=7  ../areospike_app/aero_tcp.c|app_ep_stack__tcp_client|244
[C]16-10-2024:08:36:18:243441|received request with opc=1000  xmsg.id=20001  main.c|app_xidp__handle_request|481
[C]16-10-2024:08:36:18:243511|sentBytes=84 pos=84 len=84  main.c|app_aero__as_putx|865
[C]16-10-2024:08:36:24:014357|TCP Server: Connection closed with fd=7  ../areospike_app/aero_tcp.c|app_ep_stack__tcp_close_client|148
[C]16-10-2024:11:19:46:908332|TCP Server: Accepted New SocketFD=5 client=0x7f6bbc000b60  ../areospike_app/aero_tcp.c|app_ep_stack__server|544
[C]16-10-2024:11:19:46:908384|TCP Client: Starting Client Read Theaad with fd=5  ../areospike_app/aero_tcp.c|app_ep_stack__tcp_client|244
[C]16-10-2024:11:20:55:459358|received request with opc=1000  xmsg.id=20001  main.c|app_xidp__handle_request|481
[C]16-10-2024:11:20:55:459431|sentBytes=84 pos=84 len=84  main.c|app_aero__as_putx|865
[C]16-10-2024:11:21:12:644152|TCP Server: Connection closed with fd=5  ../areospike_app/aero_tcp.c|app_ep_stack__tcp_close_client|148
[C]16-10-2024:11:54:00:777172|TCP Server: Accepted New SocketFD=7 client=0x7f6bbc000b60  ../areospike_app/aero_tcp.c|app_ep_stack__server|544
[C]16-10-2024:11:54:00:777231|TCP Client: Starting Client Read Theaad with fd=7  ../areospike_app/aero_tcp.c|app_ep_stack__tcp_client|244
[C]16-10-2024:11:54:37:078175|received request with opc=1000  xmsg.id=20001  main.c|app_xidp__handle_request|481
[C]16-10-2024:11:54:37:078238|sentBytes=84 pos=84 len=84  main.c|app_aero__as_putx|865
[C]16-10-2024:11:55:16:554876|TCP Server: Connection closed with fd=7  ../areospike_app/aero_tcp.c|app_ep_stack__tcp_close_client|148
[C]16-10-2024:12:59:56:601858|TCP Server: Accepted New SocketFD=5 client=0x7f6bbc000b60  ../areospike_app/aero_tcp.c|app_ep_stack__server|544
[C]16-10-2024:12:59:56:601925|TCP Client: Starting Client Read Theaad with fd=5  ../areospike_app/aero_tcp.c|app_ep_stack__tcp_client|244
[C]16-10-2024:13:00:01:587197|TCP Server: Connection closed with fd=5  ../areospike_app/aero_tcp.c|app_ep_stack__tcp_close_client|148
[C]16-10-2024:13:05:47:170118|TCP Server: Accepted New SocketFD=7 client=0x7f6bbc000b60  ../areospike_app/aero_tcp.c|app_ep_stack__server|544
[C]16-10-2024:13:05:47:170199|TCP Client: Starting Client Read Theaad with fd=7  ../areospike_app/aero_tcp.c|app_ep_stack__tcp_client|244
[C]16-10-2024:13:05:52:131755|TCP Server: Connection closed with fd=7  ../areospike_app/aero_tcp.c|app_ep_stack__tcp_close_client|148
[C]16-10-2024:13:39:33:199884|TCP Server: Accepted New SocketFD=5 client=0x7f6bbc000b60  ../areospike_app/aero_tcp.c|app_ep_stack__server|544
[C]16-10-2024:13:39:33:199965|TCP Client: Starting Client Read Theaad with fd=5  ../areospike_app/aero_tcp.c|app_ep_stack__tcp_client|244
[C]16-10-2024:13:39:54:865605|received request with opc=1000  xmsg.id=20001  main.c|app_xidp__handle_request|481
[C]16-10-2024:13:39:54:865674|sentBytes=84 pos=84 len=84  main.c|app_aero__as_putx|865
[C]16-10-2024:13:41:04:424819|TCP Server: Connection closed with fd=5  ../areospike_app/aero_tcp.c|app_ep_stack__tcp_close_client|148
[C]16-10-2024:13:42:49:783959|TCP Server: Accepted New SocketFD=7 client=0x7f6bbc000b60  ../areospike_app/aero_tcp.c|app_ep_stack__server|544
[C]16-10-2024:13:42:49:783993|TCP Client: Starting Client Read Theaad with fd=7  ../areospike_app/aero_tcp.c|app_ep_stack__tcp_client|244
[C]16-10-2024:13:43:08:256870|received request with opc=1000  xmsg.id=20001  main.c|app_xidp__handle_request|481
[C]16-10-2024:13:43:08:256922|sentBytes=84 pos=84 len=84  main.c|app_aero__as_putx|865
[C]16-10-2024:13:43:17:363498|TCP Server: Connection closed with fd=7  ../areospike_app/aero_tcp.c|app_ep_stack__tcp_close_client|148
[C]16-10-2024:13:43:49:174818|TCP Server: Accepted New SocketFD=5 client=0x7f6bbc000b60  ../areospike_app/aero_tcp.c|app_ep_stack__server|544
[C]16-10-2024:13:43:49:174880|TCP Client: Starting Client Read Theaad with fd=5  ../areospike_app/aero_tcp.c|app_ep_stack__tcp_client|244
[C]16-10-2024:13:43:54:500670|TCP Server: Connection closed with fd=5  ../areospike_app/aero_tcp.c|app_ep_stack__tcp_close_client|148
[C]16-10-2024:13:43:56:959140|TCP Server: Accepted New SocketFD=7 client=0x7f6bbc000b60  ../areospike_app/aero_tcp.c|app_ep_stack__server|544
[C]16-10-2024:13:43:56:959198|TCP Client: Starting Client Read Theaad with fd=7  ../areospike_app/aero_tcp.c|app_ep_stack__tcp_client|244
[C]16-10-2024:13:44:09:182900|TCP Server: Connection closed with fd=7  ../areospike_app/aero_tcp.c|app_ep_stack__tcp_close_client|148
[C]16-10-2024:13:44:18:281247|TCP Server: Accepted New SocketFD=5 client=0x7f6bbc000b60  ../areospike_app/aero_tcp.c|app_ep_stack__server|544
[C]16-10-2024:13:44:18:281309|TCP Client: Starting Client Read Theaad with fd=5  ../areospike_app/aero_tcp.c|app_ep_stack__tcp_client|244
[C]16-10-2024:13:44:37:730431|TCP Server: Connection closed with fd=5  ../areospike_app/aero_tcp.c|app_ep_stack__tcp_close_client|148
[C]16-10-2024:13:44:46:046717|TCP Server: Accepted New SocketFD=7 client=0x7f6bbc000b60  ../areospike_app/aero_tcp.c|app_ep_stack__server|544
[C]16-10-2024:13:44:46:046788|TCP Client: Starting Client Read Theaad with fd=7  ../areospike_app/aero_tcp.c|app_ep_stack__tcp_client|244
[C]16-10-2024:13:44:49:745413|TCP Server: Connection closed with fd=7  ../areospike_app/aero_tcp.c|app_ep_stack__tcp_close_client|148
[C]16-10-2024:13:45:19:812252|TCP Server: Accepted New SocketFD=5 client=0x7f6bbc000b60  ../areospike_app/aero_tcp.c|app_ep_stack__server|544
[C]16-10-2024:13:45:19:812315|TCP Client: Starting Client Read Theaad with fd=5  ../areospike_app/aero_tcp.c|app_ep_stack__tcp_client|244
[C]16-10-2024:13:45:38:650305|received request with opc=1000  xmsg.id=20001  main.c|app_xidp__handle_request|481
[C]16-10-2024:13:45:38:650366|sentBytes=84 pos=84 len=84  main.c|app_aero__as_putx|865
[C]16-10-2024:13:46:18:139022|TCP Server: Connection closed with fd=5  ../areospike_app/aero_tcp.c|app_ep_stack__tcp_close_client|148
[C]16-10-2024:13:47:34:666286|TCP Server: Accepted New SocketFD=7 client=0x7f6bbc000b60  ../areospike_app/aero_tcp.c|app_ep_stack__server|544
[C]16-10-2024:13:47:34:666373|TCP Client: Starting Client Read Theaad with fd=7  ../areospike_app/aero_tcp.c|app_ep_stack__tcp_client|244
[C]16-10-2024:13:47:51:555278|received request with opc=1000  xmsg.id=20001  main.c|app_xidp__handle_request|481
[C]16-10-2024:13:47:51:555341|sentBytes=84 pos=84 len=84  main.c|app_aero__as_putx|865
[C]16-10-2024:13:47:58:802927|TCP Server: Connection closed with fd=7  ../areospike_app/aero_tcp.c|app_ep_stack__tcp_close_client|148
[C]16-10-2024:13:50:20:613723|TCP Server: Accepted New SocketFD=5 client=0x7f6bbc000b60  ../areospike_app/aero_tcp.c|app_ep_stack__server|544
[C]16-10-2024:13:50:20:613794|TCP Client: Starting Client Read Theaad with fd=5  ../areospike_app/aero_tcp.c|app_ep_stack__tcp_client|244
[C]16-10-2024:13:50:42:644619|received request with opc=1000  xmsg.id=20001  main.c|app_xidp__handle_request|481
[C]16-10-2024:13:50:42:644678|sentBytes=84 pos=84 len=84  main.c|app_aero__as_putx|865
[C]16-10-2024:13:50:51:301061|TCP Server: Connection closed with fd=5  ../areospike_app/aero_tcp.c|app_ep_stack__tcp_close_client|148
[C]16-10-2024:13:52:13:299936|TCP Server: Accepted New SocketFD=7 client=0x7f6bbc000b60  ../areospike_app/aero_tcp.c|app_ep_stack__server|544
[C]16-10-2024:13:52:13:300018|TCP Client: Starting Client Read Theaad with fd=7  ../areospike_app/aero_tcp.c|app_ep_stack__tcp_client|244
[C]16-10-2024:13:52:34:171851|received request with opc=1000  xmsg.id=20001  main.c|app_xidp__handle_request|481
[C]16-10-2024:13:52:34:171912|sentBytes=84 pos=84 len=84  main.c|app_aero__as_putx|865
[C]16-10-2024:13:52:40:306375|TCP Server: Connection closed with fd=7  ../areospike_app/aero_tcp.c|app_ep_stack__tcp_close_client|148
[C]16-10-2024:14:14:27:122520|TCP Server: Accepted New SocketFD=5 client=0x7f6bbc000b60  ../areospike_app/aero_tcp.c|app_ep_stack__server|544
[C]16-10-2024:14:14:27:122585|TCP Client: Starting Client Read Theaad with fd=5  ../areospike_app/aero_tcp.c|app_ep_stack__tcp_client|244
[C]16-10-2024:14:15:00:578665|received request with opc=1000  xmsg.id=20001  main.c|app_xidp__handle_request|481
[C]16-10-2024:14:15:00:578727|sentBytes=84 pos=84 len=84  main.c|app_aero__as_putx|865
[C]16-10-2024:14:15:06:221232|received request with opc=1000  xmsg.id=20001  main.c|app_xidp__handle_request|481
[C]16-10-2024:14:15:06:221283|sentBytes=84 pos=84 len=84  main.c|app_aero__as_putx|865
[C]16-10-2024:14:15:24:106883|TCP Server: Connection closed with fd=5  ../areospike_app/aero_tcp.c|app_ep_stack__tcp_close_client|148
[C]16-10-2024:14:18:25:275898|TCP Server: Accepted New SocketFD=7 client=0x7f6bbc000b60  ../areospike_app/aero_tcp.c|app_ep_stack__server|544
[C]16-10-2024:14:18:25:275950|TCP Client: Starting Client Read Theaad with fd=7  ../areospike_app/aero_tcp.c|app_ep_stack__tcp_client|244
[C]16-10-2024:14:18:35:649854|received request with opc=1000  xmsg.id=20001  main.c|app_xidp__handle_request|481
[C]16-10-2024:14:18:35:649926|sentBytes=84 pos=84 len=84  main.c|app_aero__as_putx|865
[C]16-10-2024:14:18:42:920132|TCP Server: Connection closed with fd=7  ../areospike_app/aero_tcp.c|app_ep_stack__tcp_close_client|148
[C]16-10-2024:14:19:36:802383|TCP Server: Accepted New SocketFD=5 client=0x7f6bbc000b60  ../areospike_app/aero_tcp.c|app_ep_stack__server|544
[C]16-10-2024:14:19:36:802435|TCP Client: Starting Client Read Theaad with fd=5  ../areospike_app/aero_tcp.c|app_ep_stack__tcp_client|244
[C]16-10-2024:14:19:55:176636|received request with opc=1000  xmsg.id=20001  main.c|app_xidp__handle_request|481
[C]16-10-2024:14:19:55:176715|sentBytes=84 pos=84 len=84  main.c|app_aero__as_putx|865
[C]16-10-2024:14:20:02:827910|TCP Server: Connection closed with fd=5  ../areospike_app/aero_tcp.c|app_ep_stack__tcp_close_client|148
[C]16-10-2024:14:22:36:020196|TCP Server: Accepted New SocketFD=7 client=0x7f6bbc000b60  ../areospike_app/aero_tcp.c|app_ep_stack__server|544
[C]16-10-2024:14:22:36:020247|TCP Client: Starting Client Read Theaad with fd=7  ../areospike_app/aero_tcp.c|app_ep_stack__tcp_client|244
[C]16-10-2024:14:22:59:397601|received request with opc=1000  xmsg.id=20001  main.c|app_xidp__handle_request|481
[C]16-10-2024:14:22:59:397678|sentBytes=84 pos=84 len=84  main.c|app_aero__as_putx|865
[C]16-10-2024:14:23:04:006433|TCP Server: Connection closed with fd=7  ../areospike_app/aero_tcp.c|app_ep_stack__tcp_close_client|148
[C]16-10-2024:14:28:21:018754|TCP Server: Accepted New SocketFD=5 client=0x7f6bbc000b60  ../areospike_app/aero_tcp.c|app_ep_stack__server|544
[C]16-10-2024:14:28:21:018827|TCP Client: Starting Client Read Theaad with fd=5  ../areospike_app/aero_tcp.c|app_ep_stack__tcp_client|244
[C]16-10-2024:14:28:35:155373|received request with opc=1000  xmsg.id=20001  main.c|app_xidp__handle_request|481
[C]16-10-2024:14:28:35:155429|sentBytes=84 pos=84 len=84  main.c|app_aero__as_putx|865
[C]16-10-2024:14:29:06:604467|received request with opc=1000  xmsg.id=20001  main.c|app_xidp__handle_request|481
[C]16-10-2024:14:29:06:604525|sentBytes=84 pos=84 len=84  main.c|app_aero__as_putx|865
[C]16-10-2024:14:29:13:264663|TCP Server: Connection closed with fd=5  ../areospike_app/aero_tcp.c|app_ep_stack__tcp_close_client|148
[C]16-10-2024:14:34:01:214315|TCP Server: Accepted New SocketFD=7 client=0x7f6bbc000b60  ../areospike_app/aero_tcp.c|app_ep_stack__server|544
[C]16-10-2024:14:34:01:214382|TCP Client: Starting Client Read Theaad with fd=7  ../areospike_app/aero_tcp.c|app_ep_stack__tcp_client|244
[C]16-10-2024:14:34:21:555284|received request with opc=1000  xmsg.id=20001  main.c|app_xidp__handle_request|481
[C]16-10-2024:14:34:21:555344|sentBytes=84 pos=84 len=84  main.c|app_aero__as_putx|865
[C]16-10-2024:14:34:33:427827|TCP Server: Connection closed with fd=7  ../areospike_app/aero_tcp.c|app_ep_stack__tcp_close_client|148
[C]16-10-2024:15:16:14:295039|TCP Server: Accepted New SocketFD=5 client=0x7f6bbc000b60  ../areospike_app/aero_tcp.c|app_ep_stack__server|544
[C]16-10-2024:15:16:14:295102|TCP Client: Starting Client Read Theaad with fd=5  ../areospike_app/aero_tcp.c|app_ep_stack__tcp_client|244
[C]16-10-2024:15:16:34:280630|received request with opc=1000  xmsg.id=20001  main.c|app_xidp__handle_request|481
[C]16-10-2024:15:16:34:280700|sentBytes=84 pos=84 len=84  main.c|app_aero__as_putx|865
[C]16-10-2024:15:16:42:114143|TCP Server: Connection closed with fd=5  ../areospike_app/aero_tcp.c|app_ep_stack__tcp_close_client|148
[C]16-10-2024:22:45:16:963358|TCP Server: Accepted New SocketFD=7 client=0x7f6bbc000b60  ../areospike_app/aero_tcp.c|app_ep_stack__server|544
[C]16-10-2024:22:45:16:963431|TCP Client: Starting Client Read Theaad with fd=7  ../areospike_app/aero_tcp.c|app_ep_stack__tcp_client|244
[C]16-10-2024:22:45:55:236423|received request with opc=1000  xmsg.id=20001  main.c|app_xidp__handle_request|481
[C]16-10-2024:22:45:55:236500|sentBytes=84 pos=84 len=84  main.c|app_aero__as_putx|865
[C]16-10-2024:22:46:13:062884|TCP Server: Connection closed with fd=7  ../areospike_app/aero_tcp.c|app_ep_stack__tcp_close_client|148
[C]16-10-2024:22:50:37:537600|TCP Server: Accepted New SocketFD=5 client=0x7f6bbc000b60  ../areospike_app/aero_tcp.c|app_ep_stack__server|544
[C]16-10-2024:22:50:37:537684|TCP Client: Starting Client Read Theaad with fd=5  ../areospike_app/aero_tcp.c|app_ep_stack__tcp_client|244
[C]16-10-2024:22:50:55:516057|received request with opc=1000  xmsg.id=20001  main.c|app_xidp__handle_request|481
[C]16-10-2024:22:50:55:516124|sentBytes=84 pos=84 len=84  main.c|app_aero__as_putx|865
[C]16-10-2024:22:51:17:431393|TCP Server: Connection closed with fd=5  ../areospike_app/aero_tcp.c|app_ep_stack__tcp_close_client|148
[C]16-10-2024:22:57:27:485921|TCP Server: Accepted New SocketFD=7 client=0x7f6bbc000b60  ../areospike_app/aero_tcp.c|app_ep_stack__server|544
[C]16-10-2024:22:57:27:485986|TCP Client: Starting Client Read Theaad with fd=7  ../areospike_app/aero_tcp.c|app_ep_stack__tcp_client|244
[C]16-10-2024:22:57:42:980142|received request with opc=1000  xmsg.id=20001  main.c|app_xidp__handle_request|481
[C]16-10-2024:22:57:42:980206|sentBytes=84 pos=84 len=84  main.c|app_aero__as_putx|865
[C]16-10-2024:22:57:50:889190|TCP Server: Connection closed with fd=7  ../areospike_app/aero_tcp.c|app_ep_stack__tcp_close_client|148
[C]16-10-2024:23:00:45:322112|TCP Server: Accepted New SocketFD=5 client=0x7f6bbc000b60  ../areospike_app/aero_tcp.c|app_ep_stack__server|544
[C]16-10-2024:23:00:45:322185|TCP Client: Starting Client Read Theaad with fd=5  ../areospike_app/aero_tcp.c|app_ep_stack__tcp_client|244
[C]16-10-2024:23:01:05:441716|received request with opc=1000  xmsg.id=20001  main.c|app_xidp__handle_request|481
[C]16-10-2024:23:01:05:441775|sentBytes=84 pos=84 len=84  main.c|app_aero__as_putx|865
[C]16-10-2024:23:01:10:280223|received request with opc=1000  xmsg.id=20001  main.c|app_xidp__handle_request|481
[C]16-10-2024:23:01:10:280284|sentBytes=84 pos=84 len=84  main.c|app_aero__as_putx|865
[C]16-10-2024:23:01:13:777309|received request with opc=1000  xmsg.id=20001  main.c|app_xidp__handle_request|481
[C]16-10-2024:23:01:13:777365|sentBytes=84 pos=84 len=84  main.c|app_aero__as_putx|865
[C]16-10-2024:23:01:35:253370|TCP Server: Connection closed with fd=5  ../areospike_app/aero_tcp.c|app_ep_stack__tcp_close_client|148
[C]16-10-2024:23:15:10:826801|TCP Server: Accepted New SocketFD=7 client=0x7f6bbc000b60  ../areospike_app/aero_tcp.c|app_ep_stack__server|544
[C]16-10-2024:23:15:10:826862|TCP Client: Starting Client Read Theaad with fd=7  ../areospike_app/aero_tcp.c|app_ep_stack__tcp_client|244
[C]16-10-2024:23:15:29:864773|received request with opc=1000  xmsg.id=20001  main.c|app_xidp__handle_request|481
[C]16-10-2024:23:15:29:864843|sentBytes=84 pos=84 len=84  main.c|app_aero__as_putx|865
[C]16-10-2024:23:15:38:834177|TCP Server: Connection closed with fd=7  ../areospike_app/aero_tcp.c|app_ep_stack__tcp_close_client|148
[C]17-10-2024:07:12:55:020265|TCP Server: Accepted New SocketFD=5 client=0x7f6bbc000b60  ../areospike_app/aero_tcp.c|app_ep_stack__server|544
[C]17-10-2024:07:12:55:020336|TCP Client: Starting Client Read Theaad with fd=5  ../areospike_app/aero_tcp.c|app_ep_stack__tcp_client|244
[C]17-10-2024:07:13:38:820025|received request with opc=1000  xmsg.id=20001  main.c|app_xidp__handle_request|481
[C]17-10-2024:07:13:38:820104|sentBytes=84 pos=84 len=84  main.c|app_aero__as_putx|865
[C]17-10-2024:07:14:05:891911|TCP Server: Connection closed with fd=5  ../areospike_app/aero_tcp.c|app_ep_stack__tcp_close_client|148
[C]17-10-2024:08:16:39:290022|TCP Server: Accepted New SocketFD=7 client=0x7f6bbc000b60  ../areospike_app/aero_tcp.c|app_ep_stack__server|544
[C]17-10-2024:08:16:39:290078|TCP Client: Starting Client Read Theaad with fd=7  ../areospike_app/aero_tcp.c|app_ep_stack__tcp_client|244
[C]17-10-2024:08:16:58:923673|received request with opc=1000  xmsg.id=20001  main.c|app_xidp__handle_request|481
[C]17-10-2024:08:16:58:923733|sentBytes=84 pos=84 len=84  main.c|app_aero__as_putx|865
[C]17-10-2024:08:24:43:400029|TCP Server: Connection closed with fd=7  ../areospike_app/aero_tcp.c|app_ep_stack__tcp_close_client|148
[C]17-10-2024:08:50:45:382137|TCP Server: Accepted New SocketFD=5 client=0x7f6bbc000b60  ../areospike_app/aero_tcp.c|app_ep_stack__server|544
[C]17-10-2024:08:50:45:382205|TCP Client: Starting Client Read Theaad with fd=5  ../areospike_app/aero_tcp.c|app_ep_stack__tcp_client|244
[C]17-10-2024:08:51:04:214585|received request with opc=1000  xmsg.id=20001  main.c|app_xidp__handle_request|481
[C]17-10-2024:08:51:04:214656|sentBytes=84 pos=84 len=84  main.c|app_aero__as_putx|865
[C]17-10-2024:08:51:14:025123|received request with opc=1000  xmsg.id=20001  main.c|app_xidp__handle_request|481
[C]17-10-2024:08:51:14:025191|sentBytes=84 pos=84 len=84  main.c|app_aero__as_putx|865
[C]17-10-2024:08:51:32:952027|TCP Server: Connection closed with fd=5  ../areospike_app/aero_tcp.c|app_ep_stack__tcp_close_client|148
